interactions:
- request:
    body: '{"location": "westus", "properties": {"masterProfile": {"dnsPrefix": "MasterPrefixTest",
      "count": 1}, "orchestratorProfile": {"orchestratorType": "DCOS"}, "linuxProfile":
      {"adminUsername": "acslinuxadmin", "ssh": {"publicKeys": [{"keyData": "ssh-rsa
      AAAAB3NzaC1yc2EAAAABJQAAAQEAlj9UC6+57XWVu0fd6zqXa256EU9EZdoLGE3TqdZqu9fvUvLQOX2G0d5DmFhDCyTmWLQUx3/ONQ9RotYmHGymBIPQcpx43nnxsuihAILcpGZ5NjCj4IOYnmhdULxN4ti7k00S+udqokrRYpmwt0N4NA4VT9cN+7uJDL8Opqa1FYu0CT/RqSW+3aoQ0nfGj11axoxM37FuOMZ/c7mBSxvuI9NsDmcDQOUmPXjlgNlxrLzf6VcjxnJh4AO83zbyLok37mW/C7CuNK4WowjPO1Ix2kqRHRxBrzxYZ9xqZPc8GpFTw/dxJEYdJ3xlitbOoBoDgrL5gSITv6ESlNqjPk6kHQ==
      azureuser@linuxvm"}]}}, "agentPoolProfiles": [{"dnsPrefix": "AgentPrefixTest",
      "vmSize": "Standard_A1", "name": "AgentPool1", "count": 3}]}}'
    headers:
      Accept: [application/json]
      Accept-Encoding: ['gzip, deflate']
      Connection: [keep-alive]
      Content-Length: ['763']
      Content-Type: [application/json; charset=utf-8]
      User-Agent: [python/3.5.1 (Windows-10-10.0.14393-SP0) requests/2.11.1 msrest/0.4.4
          msrest_azure/0.4.3 computemanagementclient/0.30.0 Azure-SDK-For-Python]
      accept-language: [en-US]
      x-ms-client-request-id: [049a27ca-a1e4-11e6-860a-ecb1d756380e]
    method: PUT
    uri: https:/management.azure.com/subscriptions/00000000-0000-0000-0000-000000000000/resourceGroups/test_mgmt_compute_test_containerdb8c0d41/providers/Microsoft.ContainerService/containerServices/pycontainerdb8c0d41?api-version=2016-09-30
  response:
    body: {string: "{\r\n  \"id\": \"/subscriptions/00000000-0000-0000-0000-000000000000/resourceGroups/test_mgmt_compute_test_containerdb8c0d41/providers/Microsoft.ContainerService/containerServices/pycontainerdb8c0d41\",\r\n
        \ \"name\": \"pycontainerdb8c0d41\",\r\n  \"type\": \"Microsoft.ContainerService/ContainerServices\",\r\n
        \ \"location\": \"westus\",\r\n  \"properties\": {\r\n    \"provisioningState\":
        \"Creating\",\r\n    \"orchestratorProfile\": {\r\n      \"orchestratorType\":
        \"DCOS\"\r\n    },\r\n    \"masterProfile\": {\r\n      \"count\": 1,\r\n
        \     \"dnsPrefix\": \"MasterPrefixTest\"\r\n    },\r\n    \"agentPoolProfiles\":
        [\r\n      {\r\n        \"name\": \"AgentPool1\",\r\n        \"count\": 3,\r\n
        \       \"vmSize\": \"Standard_A1\",\r\n        \"dnsPrefix\": \"AgentPrefixTest\",\r\n
        \       \"osType\": \"Linux\"\r\n      }\r\n    ],\r\n    \"linuxProfile\":
        {\r\n      \"ssh\": {\r\n        \"publicKeys\": [\r\n          {\r\n            \"keyData\":
        \"ssh-rsa AAAAB3NzaC1yc2EAAAABJQAAAQEAlj9UC6+57XWVu0fd6zqXa256EU9EZdoLGE3TqdZqu9fvUvLQOX2G0d5DmFhDCyTmWLQUx3/ONQ9RotYmHGymBIPQcpx43nnxsuihAILcpGZ5NjCj4IOYnmhdULxN4ti7k00S+udqokrRYpmwt0N4NA4VT9cN+7uJDL8Opqa1FYu0CT/RqSW+3aoQ0nfGj11axoxM37FuOMZ/c7mBSxvuI9NsDmcDQOUmPXjlgNlxrLzf6VcjxnJh4AO83zbyLok37mW/C7CuNK4WowjPO1Ix2kqRHRxBrzxYZ9xqZPc8GpFTw/dxJEYdJ3xlitbOoBoDgrL5gSITv6ESlNqjPk6kHQ==
        azureuser@linuxvm\"\r\n          }\r\n        ]\r\n      },\r\n      \"adminUsername\":
        \"acslinuxadmin\"\r\n    },\r\n    \"diagnosticsProfile\": {\r\n      \"vmDiagnostics\":
        {\r\n        \"enabled\": true\r\n      }\r\n    }\r\n  }\r\n}"}
    headers:
      Azure-AsyncOperation: ['https://management.azure.com/subscriptions/00000000-0000-0000-0000-000000000000/providers/Microsoft.ContainerService/locations/westus/operations/e69a2649-bfdd-4e10-9337-319013623b19?api-version=2016-09-30']
      Cache-Control: [no-cache]
      Content-Length: ['1429']
      Content-Type: [application/json; charset=utf-8]
      Date: ['Thu, 03 Nov 2016 16:38:58 GMT']
      Expires: ['-1']
      Pragma: [no-cache]
      Server: [Microsoft-HTTPAPI/2.0, Microsoft-HTTPAPI/2.0]
      Strict-Transport-Security: [max-age=31536000; includeSubDomains]
      x-ms-correlation-request-id: [b87b0bef-556c-4624-a2ff-bce1e7811985]
      x-ms-ratelimit-remaining-subscription-writes: ['1199']
      x-ms-request-id: [e69a2649-bfdd-4e10-9337-319013623b19]
      x-ms-routing-request-id: ['WESTUS2:20161103T163859Z:b87b0bef-556c-4624-a2ff-bce1e7811985']
      x-ms-served-by: [bea63665-dda7-4dd6-a2c0-70240a06f770_131178360173492968]
    status: {code: 201, message: Created}
- request:
    body: null
    headers:
      Accept: [application/json]
      Accept-Encoding: ['gzip, deflate']
      Connection: [keep-alive]
      Content-Type: [application/json; charset=utf-8]
      User-Agent: [python/3.5.1 (Windows-10-10.0.14393-SP0) requests/2.11.1 msrest/0.4.4
          msrest_azure/0.4.3 computemanagementclient/0.30.0 Azure-SDK-For-Python]
      accept-language: [en-US]
      x-ms-client-request-id: [049a27ca-a1e4-11e6-860a-ecb1d756380e]
    method: GET
    uri: https:/management.azure.com/subscriptions/00000000-0000-0000-0000-000000000000/providers/Microsoft.ContainerService/locations/westus/operations/e69a2649-bfdd-4e10-9337-319013623b19?api-version=2016-09-30
  response:
    body: {string: "{\r\n  \"startTime\": \"2016-11-03T16:38:57.5573944+00:00\",\r\n
        \ \"status\": \"InProgress\",\r\n  \"name\": \"e69a2649-bfdd-4e10-9337-319013623b19\"\r\n}"}
    headers:
      Cache-Control: [no-cache]
      Content-Type: [application/json; charset=utf-8]
      Date: ['Thu, 03 Nov 2016 16:39:29 GMT']
      Expires: ['-1']
      Pragma: [no-cache]
      Server: [Microsoft-HTTPAPI/2.0, Microsoft-HTTPAPI/2.0]
      Strict-Transport-Security: [max-age=31536000; includeSubDomains]
      Transfer-Encoding: [chunked]
      Vary: [Accept-Encoding]
      content-length: ['134']
      x-ms-correlation-request-id: [da6479f8-ea60-4b0f-8c15-e5d19296298b]
      x-ms-ratelimit-remaining-subscription-reads: ['14999']
      x-ms-request-id: [c31358df-e64c-47e0-9492-cc919c1bb404]
      x-ms-routing-request-id: ['WESTUS2:20161103T163929Z:da6479f8-ea60-4b0f-8c15-e5d19296298b']
      x-ms-served-by: [bea63665-dda7-4dd6-a2c0-70240a06f770_131178360173492968]
    status: {code: 200, message: OK}
- request:
    body: null
    headers:
      Accept: [application/json]
      Accept-Encoding: ['gzip, deflate']
      Connection: [keep-alive]
      Content-Type: [application/json; charset=utf-8]
      User-Agent: [python/3.5.1 (Windows-10-10.0.14393-SP0) requests/2.11.1 msrest/0.4.4
          msrest_azure/0.4.3 computemanagementclient/0.30.0 Azure-SDK-For-Python]
      accept-language: [en-US]
      x-ms-client-request-id: [049a27ca-a1e4-11e6-860a-ecb1d756380e]
    method: GET
    uri: https:/management.azure.com/subscriptions/00000000-0000-0000-0000-000000000000/providers/Microsoft.ContainerService/locations/westus/operations/e69a2649-bfdd-4e10-9337-319013623b19?api-version=2016-09-30
  response:
    body: {string: "{\r\n  \"startTime\": \"2016-11-03T16:38:57.5573944+00:00\",\r\n
        \ \"status\": \"InProgress\",\r\n  \"name\": \"e69a2649-bfdd-4e10-9337-319013623b19\"\r\n}"}
    headers:
      Cache-Control: [no-cache]
      Content-Type: [application/json; charset=utf-8]
      Date: ['Thu, 03 Nov 2016 16:39:59 GMT']
      Expires: ['-1']
      Pragma: [no-cache]
      Server: [Microsoft-HTTPAPI/2.0, Microsoft-HTTPAPI/2.0]
      Strict-Transport-Security: [max-age=31536000; includeSubDomains]
      Transfer-Encoding: [chunked]
      Vary: [Accept-Encoding]
      content-length: ['134']
      x-ms-correlation-request-id: [edc6564d-d12f-4aae-8af6-710f0356fda6]
      x-ms-ratelimit-remaining-subscription-reads: ['14998']
      x-ms-request-id: [64309266-e529-457f-8283-1121d62d2dc0]
      x-ms-routing-request-id: ['WESTUS2:20161103T163959Z:edc6564d-d12f-4aae-8af6-710f0356fda6']
      x-ms-served-by: [bea63665-dda7-4dd6-a2c0-70240a06f770_131178360173492968]
    status: {code: 200, message: OK}
- request:
    body: null
    headers:
      Accept: [application/json]
      Accept-Encoding: ['gzip, deflate']
      Connection: [keep-alive]
      Content-Type: [application/json; charset=utf-8]
      User-Agent: [python/3.5.1 (Windows-10-10.0.14393-SP0) requests/2.11.1 msrest/0.4.4
          msrest_azure/0.4.3 computemanagementclient/0.30.0 Azure-SDK-For-Python]
      accept-language: [en-US]
      x-ms-client-request-id: [049a27ca-a1e4-11e6-860a-ecb1d756380e]
    method: GET
    uri: https:/management.azure.com/subscriptions/00000000-0000-0000-0000-000000000000/providers/Microsoft.ContainerService/locations/westus/operations/e69a2649-bfdd-4e10-9337-319013623b19?api-version=2016-09-30
  response:
    body: {string: "{\r\n  \"startTime\": \"2016-11-03T16:38:57.5573944+00:00\",\r\n
        \ \"status\": \"InProgress\",\r\n  \"name\": \"e69a2649-bfdd-4e10-9337-319013623b19\"\r\n}"}
    headers:
      Cache-Control: [no-cache]
      Content-Type: [application/json; charset=utf-8]
      Date: ['Thu, 03 Nov 2016 16:40:29 GMT']
      Expires: ['-1']
      Pragma: [no-cache]
      Server: [Microsoft-HTTPAPI/2.0, Microsoft-HTTPAPI/2.0]
      Strict-Transport-Security: [max-age=31536000; includeSubDomains]
      Transfer-Encoding: [chunked]
      Vary: [Accept-Encoding]
      content-length: ['134']
      x-ms-correlation-request-id: [d6eca5ff-09f7-40b7-93b8-559f7253ee44]
      x-ms-ratelimit-remaining-subscription-reads: ['14999']
      x-ms-request-id: [bb6394d1-5bae-410f-8034-cedc738c3614]
      x-ms-routing-request-id: ['WESTUS2:20161103T164030Z:d6eca5ff-09f7-40b7-93b8-559f7253ee44']
      x-ms-served-by: [bea63665-dda7-4dd6-a2c0-70240a06f770_131178360173492968]
    status: {code: 200, message: OK}
- request:
    body: null
    headers:
      Accept: [application/json]
      Accept-Encoding: ['gzip, deflate']
      Connection: [keep-alive]
      Content-Type: [application/json; charset=utf-8]
      User-Agent: [python/3.5.1 (Windows-10-10.0.14393-SP0) requests/2.11.1 msrest/0.4.4
          msrest_azure/0.4.3 computemanagementclient/0.30.0 Azure-SDK-For-Python]
      accept-language: [en-US]
      x-ms-client-request-id: [049a27ca-a1e4-11e6-860a-ecb1d756380e]
    method: GET
    uri: https:/management.azure.com/subscriptions/00000000-0000-0000-0000-000000000000/providers/Microsoft.ContainerService/locations/westus/operations/e69a2649-bfdd-4e10-9337-319013623b19?api-version=2016-09-30
  response:
    body: {string: "{\r\n  \"startTime\": \"2016-11-03T16:38:57.5573944+00:00\",\r\n
        \ \"status\": \"InProgress\",\r\n  \"name\": \"e69a2649-bfdd-4e10-9337-319013623b19\"\r\n}"}
    headers:
      Cache-Control: [no-cache]
      Content-Type: [application/json; charset=utf-8]
      Date: ['Thu, 03 Nov 2016 16:41:00 GMT']
      Expires: ['-1']
      Pragma: [no-cache]
      Server: [Microsoft-HTTPAPI/2.0, Microsoft-HTTPAPI/2.0]
      Strict-Transport-Security: [max-age=31536000; includeSubDomains]
      Transfer-Encoding: [chunked]
      Vary: [Accept-Encoding]
      content-length: ['134']
      x-ms-correlation-request-id: [238fdee5-ea2e-43c7-ada7-53b1ae4e9ce5]
      x-ms-ratelimit-remaining-subscription-reads: ['14999']
      x-ms-request-id: [82d26ece-2897-4d6b-aa87-99441386bd59]
      x-ms-routing-request-id: ['CENTRALUS:20161103T164100Z:238fdee5-ea2e-43c7-ada7-53b1ae4e9ce5']
      x-ms-served-by: [bea63665-dda7-4dd6-a2c0-70240a06f770_131178360173492968]
    status: {code: 200, message: OK}
- request:
    body: null
    headers:
      Accept: [application/json]
      Accept-Encoding: ['gzip, deflate']
      Connection: [keep-alive]
      Content-Type: [application/json; charset=utf-8]
      User-Agent: [python/3.5.1 (Windows-10-10.0.14393-SP0) requests/2.11.1 msrest/0.4.4
          msrest_azure/0.4.3 computemanagementclient/0.30.0 Azure-SDK-For-Python]
      accept-language: [en-US]
      x-ms-client-request-id: [049a27ca-a1e4-11e6-860a-ecb1d756380e]
    method: GET
    uri: https:/management.azure.com/subscriptions/00000000-0000-0000-0000-000000000000/providers/Microsoft.ContainerService/locations/westus/operations/e69a2649-bfdd-4e10-9337-319013623b19?api-version=2016-09-30
  response:
    body: {string: "{\r\n  \"startTime\": \"2016-11-03T16:38:57.5573944+00:00\",\r\n
        \ \"status\": \"InProgress\",\r\n  \"name\": \"e69a2649-bfdd-4e10-9337-319013623b19\"\r\n}"}
    headers:
      Cache-Control: [no-cache]
      Content-Type: [application/json; charset=utf-8]
      Date: ['Thu, 03 Nov 2016 16:41:30 GMT']
      Expires: ['-1']
      Pragma: [no-cache]
      Server: [Microsoft-HTTPAPI/2.0, Microsoft-HTTPAPI/2.0]
      Strict-Transport-Security: [max-age=31536000; includeSubDomains]
      Transfer-Encoding: [chunked]
      Vary: [Accept-Encoding]
      content-length: ['134']
      x-ms-correlation-request-id: [0efb01c9-52f3-4c78-a285-4733903317c3]
      x-ms-ratelimit-remaining-subscription-reads: ['14998']
      x-ms-request-id: [fed65e85-7854-4c7e-b6d2-2541626ad2ad]
      x-ms-routing-request-id: ['CENTRALUS:20161103T164131Z:0efb01c9-52f3-4c78-a285-4733903317c3']
      x-ms-served-by: [bea63665-dda7-4dd6-a2c0-70240a06f770_131178360173492968]
    status: {code: 200, message: OK}
- request:
    body: null
    headers:
      Accept: [application/json]
      Accept-Encoding: ['gzip, deflate']
      Connection: [keep-alive]
      Content-Type: [application/json; charset=utf-8]
      User-Agent: [python/3.5.1 (Windows-10-10.0.14393-SP0) requests/2.11.1 msrest/0.4.4
          msrest_azure/0.4.3 computemanagementclient/0.30.0 Azure-SDK-For-Python]
      accept-language: [en-US]
      x-ms-client-request-id: [049a27ca-a1e4-11e6-860a-ecb1d756380e]
    method: GET
    uri: https:/management.azure.com/subscriptions/00000000-0000-0000-0000-000000000000/providers/Microsoft.ContainerService/locations/westus/operations/e69a2649-bfdd-4e10-9337-319013623b19?api-version=2016-09-30
  response:
    body: {string: "{\r\n  \"startTime\": \"2016-11-03T16:38:57.5573944+00:00\",\r\n
        \ \"status\": \"InProgress\",\r\n  \"name\": \"e69a2649-bfdd-4e10-9337-319013623b19\"\r\n}"}
    headers:
      Cache-Control: [no-cache]
      Content-Type: [application/json; charset=utf-8]
      Date: ['Thu, 03 Nov 2016 16:42:01 GMT']
      Expires: ['-1']
      Pragma: [no-cache]
      Server: [Microsoft-HTTPAPI/2.0, Microsoft-HTTPAPI/2.0]
      Strict-Transport-Security: [max-age=31536000; includeSubDomains]
      Transfer-Encoding: [chunked]
      Vary: [Accept-Encoding]
      content-length: ['134']
      x-ms-correlation-request-id: [d01ebf17-a7a4-4c5d-a7ed-5bec02015c0e]
      x-ms-ratelimit-remaining-subscription-reads: ['14998']
      x-ms-request-id: [06209a16-6a24-46b1-a4ac-7a575a11c4b3]
      x-ms-routing-request-id: ['WESTUS2:20161103T164201Z:d01ebf17-a7a4-4c5d-a7ed-5bec02015c0e']
      x-ms-served-by: [bea63665-dda7-4dd6-a2c0-70240a06f770_131178360173492968]
    status: {code: 200, message: OK}
- request:
    body: null
    headers:
      Accept: [application/json]
      Accept-Encoding: ['gzip, deflate']
      Connection: [keep-alive]
      Content-Type: [application/json; charset=utf-8]
      User-Agent: [python/3.5.1 (Windows-10-10.0.14393-SP0) requests/2.11.1 msrest/0.4.4
          msrest_azure/0.4.3 computemanagementclient/0.30.0 Azure-SDK-For-Python]
      accept-language: [en-US]
      x-ms-client-request-id: [049a27ca-a1e4-11e6-860a-ecb1d756380e]
    method: GET
    uri: https:/management.azure.com/subscriptions/00000000-0000-0000-0000-000000000000/providers/Microsoft.ContainerService/locations/westus/operations/e69a2649-bfdd-4e10-9337-319013623b19?api-version=2016-09-30
  response:
    body: {string: "{\r\n  \"startTime\": \"2016-11-03T16:38:57.5573944+00:00\",\r\n
        \ \"status\": \"InProgress\",\r\n  \"name\": \"e69a2649-bfdd-4e10-9337-319013623b19\"\r\n}"}
    headers:
      Cache-Control: [no-cache]
      Content-Type: [application/json; charset=utf-8]
      Date: ['Thu, 03 Nov 2016 16:42:32 GMT']
      Expires: ['-1']
      Pragma: [no-cache]
      Server: [Microsoft-HTTPAPI/2.0, Microsoft-HTTPAPI/2.0]
      Strict-Transport-Security: [max-age=31536000; includeSubDomains]
      Transfer-Encoding: [chunked]
      Vary: [Accept-Encoding]
      content-length: ['134']
      x-ms-correlation-request-id: [51b4211e-fe32-40a5-8928-da02ffc7dc7c]
      x-ms-ratelimit-remaining-subscription-reads: ['14998']
      x-ms-request-id: [f00ce3d7-baf2-44db-b2c4-a7f0ad65d0c0]
      x-ms-routing-request-id: ['CENTRALUS:20161103T164232Z:51b4211e-fe32-40a5-8928-da02ffc7dc7c']
      x-ms-served-by: [bea63665-dda7-4dd6-a2c0-70240a06f770_131178360173492968]
    status: {code: 200, message: OK}
- request:
    body: null
    headers:
      Accept: [application/json]
      Accept-Encoding: ['gzip, deflate']
      Connection: [keep-alive]
      Content-Type: [application/json; charset=utf-8]
      User-Agent: [python/3.5.1 (Windows-10-10.0.14393-SP0) requests/2.11.1 msrest/0.4.4
          msrest_azure/0.4.3 computemanagementclient/0.30.0 Azure-SDK-For-Python]
      accept-language: [en-US]
      x-ms-client-request-id: [049a27ca-a1e4-11e6-860a-ecb1d756380e]
    method: GET
    uri: https:/management.azure.com/subscriptions/00000000-0000-0000-0000-000000000000/providers/Microsoft.ContainerService/locations/westus/operations/e69a2649-bfdd-4e10-9337-319013623b19?api-version=2016-09-30
  response:
    body: {string: "{\r\n  \"startTime\": \"2016-11-03T16:38:57.5573944+00:00\",\r\n
        \ \"status\": \"InProgress\",\r\n  \"name\": \"e69a2649-bfdd-4e10-9337-319013623b19\"\r\n}"}
    headers:
      Cache-Control: [no-cache]
      Content-Type: [application/json; charset=utf-8]
      Date: ['Thu, 03 Nov 2016 16:43:01 GMT']
      Expires: ['-1']
      Pragma: [no-cache]
      Server: [Microsoft-HTTPAPI/2.0, Microsoft-HTTPAPI/2.0]
      Strict-Transport-Security: [max-age=31536000; includeSubDomains]
      Transfer-Encoding: [chunked]
      Vary: [Accept-Encoding]
      content-length: ['134']
      x-ms-correlation-request-id: [e47da974-d616-4a74-968a-8d8c694baa59]
      x-ms-ratelimit-remaining-subscription-reads: ['14997']
      x-ms-request-id: [ca74bc11-48ae-41f5-a6b1-4b797226dfaf]
      x-ms-routing-request-id: ['WESTUS2:20161103T164302Z:e47da974-d616-4a74-968a-8d8c694baa59']
      x-ms-served-by: [bea63665-dda7-4dd6-a2c0-70240a06f770_131178360173492968]
    status: {code: 200, message: OK}
- request:
    body: null
    headers:
      Accept: [application/json]
      Accept-Encoding: ['gzip, deflate']
      Connection: [keep-alive]
      Content-Type: [application/json; charset=utf-8]
      User-Agent: [python/3.5.1 (Windows-10-10.0.14393-SP0) requests/2.11.1 msrest/0.4.4
          msrest_azure/0.4.3 computemanagementclient/0.30.0 Azure-SDK-For-Python]
      accept-language: [en-US]
      x-ms-client-request-id: [049a27ca-a1e4-11e6-860a-ecb1d756380e]
    method: GET
    uri: https:/management.azure.com/subscriptions/00000000-0000-0000-0000-000000000000/providers/Microsoft.ContainerService/locations/westus/operations/e69a2649-bfdd-4e10-9337-319013623b19?api-version=2016-09-30
  response:
    body: {string: "{\r\n  \"startTime\": \"2016-11-03T16:38:57.5573944+00:00\",\r\n
        \ \"status\": \"InProgress\",\r\n  \"name\": \"e69a2649-bfdd-4e10-9337-319013623b19\"\r\n}"}
    headers:
      Cache-Control: [no-cache]
      Content-Type: [application/json; charset=utf-8]
      Date: ['Thu, 03 Nov 2016 16:43:32 GMT']
      Expires: ['-1']
      Pragma: [no-cache]
      Server: [Microsoft-HTTPAPI/2.0, Microsoft-HTTPAPI/2.0]
      Strict-Transport-Security: [max-age=31536000; includeSubDomains]
      Transfer-Encoding: [chunked]
      Vary: [Accept-Encoding]
      content-length: ['134']
      x-ms-correlation-request-id: [f235ae54-7fa9-4d28-91f8-da675f475f90]
      x-ms-ratelimit-remaining-subscription-reads: ['14998']
      x-ms-request-id: [7f8df007-29a5-47e6-bd50-2fdd23aa556e]
      x-ms-routing-request-id: ['WESTUS2:20161103T164333Z:f235ae54-7fa9-4d28-91f8-da675f475f90']
      x-ms-served-by: [bea63665-dda7-4dd6-a2c0-70240a06f770_131178360173492968]
    status: {code: 200, message: OK}
- request:
    body: null
    headers:
      Accept: [application/json]
      Accept-Encoding: ['gzip, deflate']
      Connection: [keep-alive]
      Content-Type: [application/json; charset=utf-8]
      User-Agent: [python/3.5.1 (Windows-10-10.0.14393-SP0) requests/2.11.1 msrest/0.4.4
          msrest_azure/0.4.3 computemanagementclient/0.30.0 Azure-SDK-For-Python]
      accept-language: [en-US]
      x-ms-client-request-id: [049a27ca-a1e4-11e6-860a-ecb1d756380e]
    method: GET
    uri: https:/management.azure.com/subscriptions/00000000-0000-0000-0000-000000000000/providers/Microsoft.ContainerService/locations/westus/operations/e69a2649-bfdd-4e10-9337-319013623b19?api-version=2016-09-30
  response:
    body: {string: "{\r\n  \"startTime\": \"2016-11-03T16:38:57.5573944+00:00\",\r\n
        \ \"status\": \"InProgress\",\r\n  \"name\": \"e69a2649-bfdd-4e10-9337-319013623b19\"\r\n}"}
    headers:
      Cache-Control: [no-cache]
      Content-Type: [application/json; charset=utf-8]
      Date: ['Thu, 03 Nov 2016 16:44:03 GMT']
      Expires: ['-1']
      Pragma: [no-cache]
      Server: [Microsoft-HTTPAPI/2.0, Microsoft-HTTPAPI/2.0]
      Strict-Transport-Security: [max-age=31536000; includeSubDomains]
      Transfer-Encoding: [chunked]
      Vary: [Accept-Encoding]
      content-length: ['134']
      x-ms-correlation-request-id: [7692c44e-11b6-425d-96d7-61a12ad4e574]
      x-ms-ratelimit-remaining-subscription-reads: ['14998']
      x-ms-request-id: [7966cac7-f018-4154-87e6-d265c45c5d3a]
      x-ms-routing-request-id: ['CENTRALUS:20161103T164403Z:7692c44e-11b6-425d-96d7-61a12ad4e574']
      x-ms-served-by: [bea63665-dda7-4dd6-a2c0-70240a06f770_131178360173492968]
    status: {code: 200, message: OK}
- request:
    body: null
    headers:
      Accept: [application/json]
      Accept-Encoding: ['gzip, deflate']
      Connection: [keep-alive]
      Content-Type: [application/json; charset=utf-8]
      User-Agent: [python/3.5.1 (Windows-10-10.0.14393-SP0) requests/2.11.1 msrest/0.4.4
          msrest_azure/0.4.3 computemanagementclient/0.30.0 Azure-SDK-For-Python]
      accept-language: [en-US]
      x-ms-client-request-id: [049a27ca-a1e4-11e6-860a-ecb1d756380e]
    method: GET
    uri: https:/management.azure.com/subscriptions/00000000-0000-0000-0000-000000000000/providers/Microsoft.ContainerService/locations/westus/operations/e69a2649-bfdd-4e10-9337-319013623b19?api-version=2016-09-30
  response:
    body: {string: "{\r\n  \"startTime\": \"2016-11-03T16:38:57.5573944+00:00\",\r\n
        \ \"status\": \"InProgress\",\r\n  \"name\": \"e69a2649-bfdd-4e10-9337-319013623b19\"\r\n}"}
    headers:
      Cache-Control: [no-cache]
      Content-Type: [application/json; charset=utf-8]
      Date: ['Thu, 03 Nov 2016 16:44:33 GMT']
      Expires: ['-1']
      Pragma: [no-cache]
      Server: [Microsoft-HTTPAPI/2.0, Microsoft-HTTPAPI/2.0]
      Strict-Transport-Security: [max-age=31536000; includeSubDomains]
      Transfer-Encoding: [chunked]
      Vary: [Accept-Encoding]
      content-length: ['134']
      x-ms-correlation-request-id: [5afd4e3b-26e2-42f6-b12d-7de3422262fe]
      x-ms-ratelimit-remaining-subscription-reads: ['14995']
      x-ms-request-id: [9e86e82f-29b7-437f-81b7-8d04ef4f7af0]
      x-ms-routing-request-id: ['CENTRALUS:20161103T164434Z:5afd4e3b-26e2-42f6-b12d-7de3422262fe']
      x-ms-served-by: [bea63665-dda7-4dd6-a2c0-70240a06f770_131178360173492968]
    status: {code: 200, message: OK}
- request:
    body: null
    headers:
      Accept: [application/json]
      Accept-Encoding: ['gzip, deflate']
      Connection: [keep-alive]
      Content-Type: [application/json; charset=utf-8]
      User-Agent: [python/3.5.1 (Windows-10-10.0.14393-SP0) requests/2.11.1 msrest/0.4.4
          msrest_azure/0.4.3 computemanagementclient/0.30.0 Azure-SDK-For-Python]
      accept-language: [en-US]
      x-ms-client-request-id: [049a27ca-a1e4-11e6-860a-ecb1d756380e]
    method: GET
    uri: https:/management.azure.com/subscriptions/00000000-0000-0000-0000-000000000000/providers/Microsoft.ContainerService/locations/westus/operations/e69a2649-bfdd-4e10-9337-319013623b19?api-version=2016-09-30
  response:
    body: {string: "{\r\n  \"startTime\": \"2016-11-03T16:38:57.5573944+00:00\",\r\n
        \ \"status\": \"InProgress\",\r\n  \"name\": \"e69a2649-bfdd-4e10-9337-319013623b19\"\r\n}"}
    headers:
      Cache-Control: [no-cache]
      Content-Type: [application/json; charset=utf-8]
      Date: ['Thu, 03 Nov 2016 16:45:04 GMT']
      Expires: ['-1']
      Pragma: [no-cache]
      Server: [Microsoft-HTTPAPI/2.0, Microsoft-HTTPAPI/2.0]
      Strict-Transport-Security: [max-age=31536000; includeSubDomains]
      Transfer-Encoding: [chunked]
      Vary: [Accept-Encoding]
      content-length: ['134']
      x-ms-correlation-request-id: [2e623dae-868b-4b24-b103-ff663bb75629]
      x-ms-ratelimit-remaining-subscription-reads: ['14999']
      x-ms-request-id: [3208ce38-8ac2-454f-a372-6ad3396d0848]
      x-ms-routing-request-id: ['CENTRALUS:20161103T164505Z:2e623dae-868b-4b24-b103-ff663bb75629']
      x-ms-served-by: [bea63665-dda7-4dd6-a2c0-70240a06f770_131178360173492968]
    status: {code: 200, message: OK}
- request:
    body: null
    headers:
      Accept: [application/json]
      Accept-Encoding: ['gzip, deflate']
      Connection: [keep-alive]
      Content-Type: [application/json; charset=utf-8]
      User-Agent: [python/3.5.1 (Windows-10-10.0.14393-SP0) requests/2.11.1 msrest/0.4.4
          msrest_azure/0.4.3 computemanagementclient/0.30.0 Azure-SDK-For-Python]
      accept-language: [en-US]
      x-ms-client-request-id: [049a27ca-a1e4-11e6-860a-ecb1d756380e]
    method: GET
    uri: https:/management.azure.com/subscriptions/00000000-0000-0000-0000-000000000000/providers/Microsoft.ContainerService/locations/westus/operations/e69a2649-bfdd-4e10-9337-319013623b19?api-version=2016-09-30
  response:
    body: {string: "{\r\n  \"startTime\": \"2016-11-03T16:38:57.5573944+00:00\",\r\n
        \ \"status\": \"InProgress\",\r\n  \"name\": \"e69a2649-bfdd-4e10-9337-319013623b19\"\r\n}"}
    headers:
      Cache-Control: [no-cache]
      Content-Type: [application/json; charset=utf-8]
      Date: ['Thu, 03 Nov 2016 16:45:35 GMT']
      Expires: ['-1']
      Pragma: [no-cache]
      Server: [Microsoft-HTTPAPI/2.0, Microsoft-HTTPAPI/2.0]
      Strict-Transport-Security: [max-age=31536000; includeSubDomains]
      Transfer-Encoding: [chunked]
      Vary: [Accept-Encoding]
      content-length: ['134']
      x-ms-correlation-request-id: [83e81a12-7d53-4ebd-a04c-6e9c4879cccb]
      x-ms-ratelimit-remaining-subscription-reads: ['14998']
      x-ms-request-id: [c2206d05-9e2f-4062-8adf-0cf88d02e76a]
      x-ms-routing-request-id: ['CENTRALUS:20161103T164535Z:83e81a12-7d53-4ebd-a04c-6e9c4879cccb']
      x-ms-served-by: [bea63665-dda7-4dd6-a2c0-70240a06f770_131178360173492968]
    status: {code: 200, message: OK}
- request:
    body: null
    headers:
      Accept: [application/json]
      Accept-Encoding: ['gzip, deflate']
      Connection: [keep-alive]
      Content-Type: [application/json; charset=utf-8]
      User-Agent: [python/3.5.1 (Windows-10-10.0.14393-SP0) requests/2.11.1 msrest/0.4.4
          msrest_azure/0.4.3 computemanagementclient/0.30.0 Azure-SDK-For-Python]
      accept-language: [en-US]
      x-ms-client-request-id: [049a27ca-a1e4-11e6-860a-ecb1d756380e]
    method: GET
    uri: https:/management.azure.com/subscriptions/00000000-0000-0000-0000-000000000000/providers/Microsoft.ContainerService/locations/westus/operations/e69a2649-bfdd-4e10-9337-319013623b19?api-version=2016-09-30
  response:
    body: {string: "{\r\n  \"startTime\": \"2016-11-03T16:38:57.5573944+00:00\",\r\n
        \ \"status\": \"InProgress\",\r\n  \"name\": \"e69a2649-bfdd-4e10-9337-319013623b19\"\r\n}"}
    headers:
      Cache-Control: [no-cache]
      Content-Type: [application/json; charset=utf-8]
      Date: ['Thu, 03 Nov 2016 16:46:05 GMT']
      Expires: ['-1']
      Pragma: [no-cache]
      Server: [Microsoft-HTTPAPI/2.0, Microsoft-HTTPAPI/2.0]
      Strict-Transport-Security: [max-age=31536000; includeSubDomains]
      Transfer-Encoding: [chunked]
      Vary: [Accept-Encoding]
      content-length: ['134']
      x-ms-correlation-request-id: [ff096607-70c0-4c0e-9b57-dad7b07bd6f8]
      x-ms-ratelimit-remaining-subscription-reads: ['14995']
      x-ms-request-id: [002a1458-bec1-4734-add0-87a5a6e166fe]
      x-ms-routing-request-id: ['WESTUS2:20161103T164605Z:ff096607-70c0-4c0e-9b57-dad7b07bd6f8']
      x-ms-served-by: [bea63665-dda7-4dd6-a2c0-70240a06f770_131178360173492968]
    status: {code: 200, message: OK}
- request:
    body: null
    headers:
      Accept: [application/json]
      Accept-Encoding: ['gzip, deflate']
      Connection: [keep-alive]
      Content-Type: [application/json; charset=utf-8]
      User-Agent: [python/3.5.1 (Windows-10-10.0.14393-SP0) requests/2.11.1 msrest/0.4.4
          msrest_azure/0.4.3 computemanagementclient/0.30.0 Azure-SDK-For-Python]
      accept-language: [en-US]
      x-ms-client-request-id: [049a27ca-a1e4-11e6-860a-ecb1d756380e]
    method: GET
    uri: https:/management.azure.com/subscriptions/00000000-0000-0000-0000-000000000000/providers/Microsoft.ContainerService/locations/westus/operations/e69a2649-bfdd-4e10-9337-319013623b19?api-version=2016-09-30
  response:
    body: {string: "{\r\n  \"startTime\": \"2016-11-03T16:38:57.5573944+00:00\",\r\n
        \ \"status\": \"InProgress\",\r\n  \"name\": \"e69a2649-bfdd-4e10-9337-319013623b19\"\r\n}"}
    headers:
      Cache-Control: [no-cache]
      Content-Type: [application/json; charset=utf-8]
      Date: ['Thu, 03 Nov 2016 16:46:36 GMT']
      Expires: ['-1']
      Pragma: [no-cache]
      Server: [Microsoft-HTTPAPI/2.0, Microsoft-HTTPAPI/2.0]
      Strict-Transport-Security: [max-age=31536000; includeSubDomains]
      Transfer-Encoding: [chunked]
      Vary: [Accept-Encoding]
      content-length: ['134']
      x-ms-correlation-request-id: [5a22295e-9ab8-47f1-93ae-699bf776e0e9]
      x-ms-ratelimit-remaining-subscription-reads: ['14998']
      x-ms-request-id: [37733bb4-8d01-4344-ac37-17ad4e2aafd8]
      x-ms-routing-request-id: ['WESTUS2:20161103T164636Z:5a22295e-9ab8-47f1-93ae-699bf776e0e9']
      x-ms-served-by: [bea63665-dda7-4dd6-a2c0-70240a06f770_131178360173492968]
    status: {code: 200, message: OK}
- request:
    body: null
    headers:
      Accept: [application/json]
      Accept-Encoding: ['gzip, deflate']
      Connection: [keep-alive]
      Content-Type: [application/json; charset=utf-8]
      User-Agent: [python/3.5.1 (Windows-10-10.0.14393-SP0) requests/2.11.1 msrest/0.4.4
          msrest_azure/0.4.3 computemanagementclient/0.30.0 Azure-SDK-For-Python]
      accept-language: [en-US]
      x-ms-client-request-id: [049a27ca-a1e4-11e6-860a-ecb1d756380e]
    method: GET
    uri: https:/management.azure.com/subscriptions/00000000-0000-0000-0000-000000000000/providers/Microsoft.ContainerService/locations/westus/operations/e69a2649-bfdd-4e10-9337-319013623b19?api-version=2016-09-30
  response:
    body: {string: "{\r\n  \"startTime\": \"2016-11-03T16:38:57.5573944+00:00\",\r\n
        \ \"status\": \"InProgress\",\r\n  \"name\": \"e69a2649-bfdd-4e10-9337-319013623b19\"\r\n}"}
    headers:
      Cache-Control: [no-cache]
      Content-Type: [application/json; charset=utf-8]
      Date: ['Thu, 03 Nov 2016 16:47:05 GMT']
      Expires: ['-1']
      Pragma: [no-cache]
      Server: [Microsoft-HTTPAPI/2.0, Microsoft-HTTPAPI/2.0]
      Strict-Transport-Security: [max-age=31536000; includeSubDomains]
      Transfer-Encoding: [chunked]
      Vary: [Accept-Encoding]
      content-length: ['134']
      x-ms-correlation-request-id: [63f4b2c1-eeb9-4bca-81f7-96de16355258]
      x-ms-ratelimit-remaining-subscription-reads: ['14994']
      x-ms-request-id: [d02529d8-c327-4f4d-9c96-a6abb5757925]
      x-ms-routing-request-id: ['CENTRALUS:20161103T164706Z:63f4b2c1-eeb9-4bca-81f7-96de16355258']
      x-ms-served-by: [bea63665-dda7-4dd6-a2c0-70240a06f770_131178360173492968]
    status: {code: 200, message: OK}
- request:
    body: null
    headers:
      Accept: [application/json]
      Accept-Encoding: ['gzip, deflate']
      Connection: [keep-alive]
      Content-Type: [application/json; charset=utf-8]
      User-Agent: [python/3.5.1 (Windows-10-10.0.14393-SP0) requests/2.11.1 msrest/0.4.4
          msrest_azure/0.4.3 computemanagementclient/0.30.0 Azure-SDK-For-Python]
      accept-language: [en-US]
      x-ms-client-request-id: [049a27ca-a1e4-11e6-860a-ecb1d756380e]
    method: GET
    uri: https:/management.azure.com/subscriptions/00000000-0000-0000-0000-000000000000/providers/Microsoft.ContainerService/locations/westus/operations/e69a2649-bfdd-4e10-9337-319013623b19?api-version=2016-09-30
  response:
    body: {string: "{\r\n  \"startTime\": \"2016-11-03T16:38:57.5573944+00:00\",\r\n
        \ \"status\": \"InProgress\",\r\n  \"name\": \"e69a2649-bfdd-4e10-9337-319013623b19\"\r\n}"}
    headers:
      Cache-Control: [no-cache]
      Content-Type: [application/json; charset=utf-8]
      Date: ['Thu, 03 Nov 2016 16:47:37 GMT']
      Expires: ['-1']
      Pragma: [no-cache]
      Server: [Microsoft-HTTPAPI/2.0, Microsoft-HTTPAPI/2.0]
      Strict-Transport-Security: [max-age=31536000; includeSubDomains]
      Transfer-Encoding: [chunked]
      Vary: [Accept-Encoding]
      content-length: ['134']
      x-ms-correlation-request-id: [3667d674-8995-4f34-80b3-9a79e162fc97]
      x-ms-ratelimit-remaining-subscription-reads: ['14998']
      x-ms-request-id: [ee6b6d7d-87ce-465b-83b8-33e7e15fc109]
      x-ms-routing-request-id: ['CENTRALUS:20161103T164737Z:3667d674-8995-4f34-80b3-9a79e162fc97']
      x-ms-served-by: [bea63665-dda7-4dd6-a2c0-70240a06f770_131178360173492968]
    status: {code: 200, message: OK}
- request:
    body: null
    headers:
      Accept: [application/json]
      Accept-Encoding: ['gzip, deflate']
      Connection: [keep-alive]
      Content-Type: [application/json; charset=utf-8]
      User-Agent: [python/3.5.1 (Windows-10-10.0.14393-SP0) requests/2.11.1 msrest/0.4.4
          msrest_azure/0.4.3 computemanagementclient/0.30.0 Azure-SDK-For-Python]
      accept-language: [en-US]
      x-ms-client-request-id: [049a27ca-a1e4-11e6-860a-ecb1d756380e]
    method: GET
    uri: https:/management.azure.com/subscriptions/00000000-0000-0000-0000-000000000000/providers/Microsoft.ContainerService/locations/westus/operations/e69a2649-bfdd-4e10-9337-319013623b19?api-version=2016-09-30
  response:
    body: {string: "{\r\n  \"startTime\": \"2016-11-03T16:38:57.5573944+00:00\",\r\n
        \ \"status\": \"InProgress\",\r\n  \"name\": \"e69a2649-bfdd-4e10-9337-319013623b19\"\r\n}"}
    headers:
      Cache-Control: [no-cache]
      Content-Type: [application/json; charset=utf-8]
      Date: ['Thu, 03 Nov 2016 16:48:07 GMT']
      Expires: ['-1']
      Pragma: [no-cache]
      Server: [Microsoft-HTTPAPI/2.0, Microsoft-HTTPAPI/2.0]
      Strict-Transport-Security: [max-age=31536000; includeSubDomains]
      Transfer-Encoding: [chunked]
      Vary: [Accept-Encoding]
      content-length: ['134']
      x-ms-correlation-request-id: [2d5c9eee-ddb6-4d94-af4a-3fd97b14d2b6]
      x-ms-ratelimit-remaining-subscription-reads: ['14997']
      x-ms-request-id: [4ed7d264-4ad2-4a86-96e0-7c6e3d2aa1c6]
      x-ms-routing-request-id: ['CENTRALUS:20161103T164808Z:2d5c9eee-ddb6-4d94-af4a-3fd97b14d2b6']
      x-ms-served-by: [bea63665-dda7-4dd6-a2c0-70240a06f770_131178360173492968]
    status: {code: 200, message: OK}
- request:
    body: null
    headers:
      Accept: [application/json]
      Accept-Encoding: ['gzip, deflate']
      Connection: [keep-alive]
      Content-Type: [application/json; charset=utf-8]
      User-Agent: [python/3.5.1 (Windows-10-10.0.14393-SP0) requests/2.11.1 msrest/0.4.4
          msrest_azure/0.4.3 computemanagementclient/0.30.0 Azure-SDK-For-Python]
      accept-language: [en-US]
      x-ms-client-request-id: [049a27ca-a1e4-11e6-860a-ecb1d756380e]
    method: GET
    uri: https:/management.azure.com/subscriptions/00000000-0000-0000-0000-000000000000/providers/Microsoft.ContainerService/locations/westus/operations/e69a2649-bfdd-4e10-9337-319013623b19?api-version=2016-09-30
  response:
    body: {string: "{\r\n  \"startTime\": \"2016-11-03T16:38:57.5573944+00:00\",\r\n
        \ \"status\": \"InProgress\",\r\n  \"name\": \"e69a2649-bfdd-4e10-9337-319013623b19\"\r\n}"}
    headers:
      Cache-Control: [no-cache]
      Content-Type: [application/json; charset=utf-8]
      Date: ['Thu, 03 Nov 2016 16:48:37 GMT']
      Expires: ['-1']
      Pragma: [no-cache]
      Server: [Microsoft-HTTPAPI/2.0, Microsoft-HTTPAPI/2.0]
      Strict-Transport-Security: [max-age=31536000; includeSubDomains]
      Transfer-Encoding: [chunked]
      Vary: [Accept-Encoding]
      content-length: ['134']
      x-ms-correlation-request-id: [9e98abb9-4f31-415c-b956-02480ae7209f]
      x-ms-ratelimit-remaining-subscription-reads: ['14997']
      x-ms-request-id: [4695882d-b1ca-4705-83ba-a288ba2cbe89]
      x-ms-routing-request-id: ['CENTRALUS:20161103T164838Z:9e98abb9-4f31-415c-b956-02480ae7209f']
      x-ms-served-by: [bea63665-dda7-4dd6-a2c0-70240a06f770_131178360173492968]
    status: {code: 200, message: OK}
- request:
    body: null
    headers:
      Accept: [application/json]
      Accept-Encoding: ['gzip, deflate']
      Connection: [keep-alive]
      Content-Type: [application/json; charset=utf-8]
      User-Agent: [python/3.5.1 (Windows-10-10.0.14393-SP0) requests/2.11.1 msrest/0.4.4
          msrest_azure/0.4.3 computemanagementclient/0.30.0 Azure-SDK-For-Python]
      accept-language: [en-US]
      x-ms-client-request-id: [049a27ca-a1e4-11e6-860a-ecb1d756380e]
    method: GET
    uri: https:/management.azure.com/subscriptions/00000000-0000-0000-0000-000000000000/providers/Microsoft.ContainerService/locations/westus/operations/e69a2649-bfdd-4e10-9337-319013623b19?api-version=2016-09-30
  response:
    body: {string: "{\r\n  \"startTime\": \"2016-11-03T16:38:57.5573944+00:00\",\r\n
        \ \"status\": \"InProgress\",\r\n  \"name\": \"e69a2649-bfdd-4e10-9337-319013623b19\"\r\n}"}
    headers:
      Cache-Control: [no-cache]
      Content-Type: [application/json; charset=utf-8]
      Date: ['Thu, 03 Nov 2016 16:49:08 GMT']
      Expires: ['-1']
      Pragma: [no-cache]
      Server: [Microsoft-HTTPAPI/2.0, Microsoft-HTTPAPI/2.0]
      Strict-Transport-Security: [max-age=31536000; includeSubDomains]
      Transfer-Encoding: [chunked]
      Vary: [Accept-Encoding]
      content-length: ['134']
      x-ms-correlation-request-id: [0b33b475-4af1-4800-a10c-7ab586786b8e]
      x-ms-ratelimit-remaining-subscription-reads: ['14999']
      x-ms-request-id: [707b2c6f-cfb2-4c97-9bdb-4a00d2e12f09]
      x-ms-routing-request-id: ['WESTUS2:20161103T164908Z:0b33b475-4af1-4800-a10c-7ab586786b8e']
      x-ms-served-by: [bea63665-dda7-4dd6-a2c0-70240a06f770_131178360173492968]
    status: {code: 200, message: OK}
- request:
    body: null
    headers:
      Accept: [application/json]
      Accept-Encoding: ['gzip, deflate']
      Connection: [keep-alive]
      Content-Type: [application/json; charset=utf-8]
      User-Agent: [python/3.5.1 (Windows-10-10.0.14393-SP0) requests/2.11.1 msrest/0.4.4
          msrest_azure/0.4.3 computemanagementclient/0.30.0 Azure-SDK-For-Python]
      accept-language: [en-US]
      x-ms-client-request-id: [049a27ca-a1e4-11e6-860a-ecb1d756380e]
    method: GET
    uri: https:/management.azure.com/subscriptions/00000000-0000-0000-0000-000000000000/providers/Microsoft.ContainerService/locations/westus/operations/e69a2649-bfdd-4e10-9337-319013623b19?api-version=2016-09-30
  response:
    body: {string: "{\r\n  \"startTime\": \"2016-11-03T16:38:57.5573944+00:00\",\r\n
        \ \"status\": \"InProgress\",\r\n  \"name\": \"e69a2649-bfdd-4e10-9337-319013623b19\"\r\n}"}
    headers:
      Cache-Control: [no-cache]
      Content-Type: [application/json; charset=utf-8]
      Date: ['Thu, 03 Nov 2016 16:49:39 GMT']
      Expires: ['-1']
      Pragma: [no-cache]
      Server: [Microsoft-HTTPAPI/2.0, Microsoft-HTTPAPI/2.0]
      Strict-Transport-Security: [max-age=31536000; includeSubDomains]
      Transfer-Encoding: [chunked]
      Vary: [Accept-Encoding]
      content-length: ['134']
      x-ms-correlation-request-id: [1cba3f63-ca6d-460a-8df5-3a1dde6bd021]
      x-ms-ratelimit-remaining-subscription-reads: ['14997']
      x-ms-request-id: [620f4bfb-4762-4d4e-b4b2-630c4b60ccea]
      x-ms-routing-request-id: ['WESTUS2:20161103T164939Z:1cba3f63-ca6d-460a-8df5-3a1dde6bd021']
      x-ms-served-by: [bea63665-dda7-4dd6-a2c0-70240a06f770_131178360173492968]
    status: {code: 200, message: OK}
- request:
    body: null
    headers:
      Accept: [application/json]
      Accept-Encoding: ['gzip, deflate']
      Connection: [keep-alive]
      Content-Type: [application/json; charset=utf-8]
      User-Agent: [python/3.5.1 (Windows-10-10.0.14393-SP0) requests/2.11.1 msrest/0.4.4
          msrest_azure/0.4.3 computemanagementclient/0.30.0 Azure-SDK-For-Python]
      accept-language: [en-US]
      x-ms-client-request-id: [049a27ca-a1e4-11e6-860a-ecb1d756380e]
    method: GET
    uri: https:/management.azure.com/subscriptions/00000000-0000-0000-0000-000000000000/providers/Microsoft.ContainerService/locations/westus/operations/e69a2649-bfdd-4e10-9337-319013623b19?api-version=2016-09-30
  response:
    body: {string: "{\r\n  \"startTime\": \"2016-11-03T16:38:57.5573944+00:00\",\r\n
        \ \"status\": \"InProgress\",\r\n  \"name\": \"e69a2649-bfdd-4e10-9337-319013623b19\"\r\n}"}
    headers:
      Cache-Control: [no-cache]
      Content-Type: [application/json; charset=utf-8]
      Date: ['Thu, 03 Nov 2016 16:50:09 GMT']
      Expires: ['-1']
      Pragma: [no-cache]
      Server: [Microsoft-HTTPAPI/2.0, Microsoft-HTTPAPI/2.0]
      Strict-Transport-Security: [max-age=31536000; includeSubDomains]
      Transfer-Encoding: [chunked]
      Vary: [Accept-Encoding]
      content-length: ['134']
      x-ms-correlation-request-id: [9f04d3d2-db11-4a49-8944-5c6b173f1930]
      x-ms-ratelimit-remaining-subscription-reads: ['14995']
      x-ms-request-id: [a965979f-24f4-42bd-8ac2-2a8580a2f421]
      x-ms-routing-request-id: ['CENTRALUS:20161103T165010Z:9f04d3d2-db11-4a49-8944-5c6b173f1930']
      x-ms-served-by: [bea63665-dda7-4dd6-a2c0-70240a06f770_131178360173492968]
    status: {code: 200, message: OK}
- request:
    body: null
    headers:
      Accept: [application/json]
      Accept-Encoding: ['gzip, deflate']
      Connection: [keep-alive]
      Content-Type: [application/json; charset=utf-8]
      User-Agent: [python/3.5.1 (Windows-10-10.0.14393-SP0) requests/2.11.1 msrest/0.4.4
          msrest_azure/0.4.3 computemanagementclient/0.30.0 Azure-SDK-For-Python]
      accept-language: [en-US]
      x-ms-client-request-id: [049a27ca-a1e4-11e6-860a-ecb1d756380e]
    method: GET
    uri: https:/management.azure.com/subscriptions/00000000-0000-0000-0000-000000000000/providers/Microsoft.ContainerService/locations/westus/operations/e69a2649-bfdd-4e10-9337-319013623b19?api-version=2016-09-30
  response:
    body: {string: "{\r\n  \"startTime\": \"2016-11-03T16:38:57.5573944+00:00\",\r\n
        \ \"status\": \"InProgress\",\r\n  \"name\": \"e69a2649-bfdd-4e10-9337-319013623b19\"\r\n}"}
    headers:
      Cache-Control: [no-cache]
      Content-Type: [application/json; charset=utf-8]
      Date: ['Thu, 03 Nov 2016 16:50:40 GMT']
      Expires: ['-1']
      Pragma: [no-cache]
      Server: [Microsoft-HTTPAPI/2.0, Microsoft-HTTPAPI/2.0]
      Strict-Transport-Security: [max-age=31536000; includeSubDomains]
      Transfer-Encoding: [chunked]
      Vary: [Accept-Encoding]
      content-length: ['134']
      x-ms-correlation-request-id: [39ed164c-64c8-40a8-b761-79f72be391d1]
      x-ms-ratelimit-remaining-subscription-reads: ['14999']
      x-ms-request-id: [0e727a8a-5c81-45cf-a5f5-8d5e0a5330bd]
      x-ms-routing-request-id: ['WESTUS2:20161103T165041Z:39ed164c-64c8-40a8-b761-79f72be391d1']
      x-ms-served-by: [bea63665-dda7-4dd6-a2c0-70240a06f770_131178360173492968]
    status: {code: 200, message: OK}
- request:
    body: null
    headers:
      Accept: [application/json]
      Accept-Encoding: ['gzip, deflate']
      Connection: [keep-alive]
      Content-Type: [application/json; charset=utf-8]
      User-Agent: [python/3.5.1 (Windows-10-10.0.14393-SP0) requests/2.11.1 msrest/0.4.4
          msrest_azure/0.4.3 computemanagementclient/0.30.0 Azure-SDK-For-Python]
      accept-language: [en-US]
      x-ms-client-request-id: [049a27ca-a1e4-11e6-860a-ecb1d756380e]
    method: GET
    uri: https:/management.azure.com/subscriptions/00000000-0000-0000-0000-000000000000/providers/Microsoft.ContainerService/locations/westus/operations/e69a2649-bfdd-4e10-9337-319013623b19?api-version=2016-09-30
  response:
    body: {string: "{\r\n  \"startTime\": \"2016-11-03T16:38:57.5573944+00:00\",\r\n
        \ \"status\": \"InProgress\",\r\n  \"name\": \"e69a2649-bfdd-4e10-9337-319013623b19\"\r\n}"}
    headers:
      Cache-Control: [no-cache]
      Content-Type: [application/json; charset=utf-8]
      Date: ['Thu, 03 Nov 2016 16:51:11 GMT']
      Expires: ['-1']
      Pragma: [no-cache]
      Server: [Microsoft-HTTPAPI/2.0, Microsoft-HTTPAPI/2.0]
      Strict-Transport-Security: [max-age=31536000; includeSubDomains]
      Transfer-Encoding: [chunked]
      Vary: [Accept-Encoding]
      content-length: ['134']
      x-ms-correlation-request-id: [04b99282-a2c8-4392-a6ed-808fff526acd]
      x-ms-ratelimit-remaining-subscription-reads: ['14998']
      x-ms-request-id: [c3f419fa-3ace-4202-bbe3-acbb2815dea2]
      x-ms-routing-request-id: ['WESTUS2:20161103T165111Z:04b99282-a2c8-4392-a6ed-808fff526acd']
      x-ms-served-by: [bea63665-dda7-4dd6-a2c0-70240a06f770_131178360173492968]
    status: {code: 200, message: OK}
- request:
    body: null
    headers:
      Accept: [application/json]
      Accept-Encoding: ['gzip, deflate']
      Connection: [keep-alive]
      Content-Type: [application/json; charset=utf-8]
      User-Agent: [python/3.5.1 (Windows-10-10.0.14393-SP0) requests/2.11.1 msrest/0.4.4
          msrest_azure/0.4.3 computemanagementclient/0.30.0 Azure-SDK-For-Python]
      accept-language: [en-US]
      x-ms-client-request-id: [049a27ca-a1e4-11e6-860a-ecb1d756380e]
    method: GET
    uri: https:/management.azure.com/subscriptions/00000000-0000-0000-0000-000000000000/providers/Microsoft.ContainerService/locations/westus/operations/e69a2649-bfdd-4e10-9337-319013623b19?api-version=2016-09-30
  response:
    body: {string: "{\r\n  \"startTime\": \"2016-11-03T16:38:57.5573944+00:00\",\r\n
        \ \"status\": \"InProgress\",\r\n  \"name\": \"e69a2649-bfdd-4e10-9337-319013623b19\"\r\n}"}
    headers:
      Cache-Control: [no-cache]
      Content-Type: [application/json; charset=utf-8]
      Date: ['Thu, 03 Nov 2016 16:51:41 GMT']
      Expires: ['-1']
      Pragma: [no-cache]
      Server: [Microsoft-HTTPAPI/2.0, Microsoft-HTTPAPI/2.0]
      Strict-Transport-Security: [max-age=31536000; includeSubDomains]
      Transfer-Encoding: [chunked]
      Vary: [Accept-Encoding]
      content-length: ['134']
      x-ms-correlation-request-id: [6aadc7ec-33b1-4dc4-a528-e04ae694fa3c]
      x-ms-ratelimit-remaining-subscription-reads: ['14998']
      x-ms-request-id: [6bb545ea-f662-4946-83e7-11055f71f22a]
      x-ms-routing-request-id: ['WESTUS2:20161103T165141Z:6aadc7ec-33b1-4dc4-a528-e04ae694fa3c']
      x-ms-served-by: [bea63665-dda7-4dd6-a2c0-70240a06f770_131178360173492968]
    status: {code: 200, message: OK}
- request:
    body: null
    headers:
      Accept: [application/json]
      Accept-Encoding: ['gzip, deflate']
      Connection: [keep-alive]
      Content-Type: [application/json; charset=utf-8]
      User-Agent: [python/3.5.1 (Windows-10-10.0.14393-SP0) requests/2.11.1 msrest/0.4.4
          msrest_azure/0.4.3 computemanagementclient/0.30.0 Azure-SDK-For-Python]
      accept-language: [en-US]
      x-ms-client-request-id: [049a27ca-a1e4-11e6-860a-ecb1d756380e]
    method: GET
    uri: https:/management.azure.com/subscriptions/00000000-0000-0000-0000-000000000000/providers/Microsoft.ContainerService/locations/westus/operations/e69a2649-bfdd-4e10-9337-319013623b19?api-version=2016-09-30
  response:
    body: {string: "{\r\n  \"startTime\": \"2016-11-03T16:38:57.5573944+00:00\",\r\n
        \ \"status\": \"InProgress\",\r\n  \"name\": \"e69a2649-bfdd-4e10-9337-319013623b19\"\r\n}"}
    headers:
      Cache-Control: [no-cache]
      Content-Type: [application/json; charset=utf-8]
      Date: ['Thu, 03 Nov 2016 16:52:12 GMT']
      Expires: ['-1']
      Pragma: [no-cache]
      Server: [Microsoft-HTTPAPI/2.0, Microsoft-HTTPAPI/2.0]
      Strict-Transport-Security: [max-age=31536000; includeSubDomains]
      Transfer-Encoding: [chunked]
      Vary: [Accept-Encoding]
      content-length: ['134']
      x-ms-correlation-request-id: [743d3aa1-64e0-4798-8a11-be3adc9abc2e]
      x-ms-ratelimit-remaining-subscription-reads: ['14999']
      x-ms-request-id: [066d8b8e-a436-468c-bdb6-864ef71a44e4]
      x-ms-routing-request-id: ['WESTUS2:20161103T165212Z:743d3aa1-64e0-4798-8a11-be3adc9abc2e']
      x-ms-served-by: [bea63665-dda7-4dd6-a2c0-70240a06f770_131178360173492968]
    status: {code: 200, message: OK}
- request:
    body: null
    headers:
      Accept: [application/json]
      Accept-Encoding: ['gzip, deflate']
      Connection: [keep-alive]
      Content-Type: [application/json; charset=utf-8]
      User-Agent: [python/3.5.1 (Windows-10-10.0.14393-SP0) requests/2.11.1 msrest/0.4.4
          msrest_azure/0.4.3 computemanagementclient/0.30.0 Azure-SDK-For-Python]
      accept-language: [en-US]
      x-ms-client-request-id: [049a27ca-a1e4-11e6-860a-ecb1d756380e]
    method: GET
    uri: https:/management.azure.com/subscriptions/00000000-0000-0000-0000-000000000000/providers/Microsoft.ContainerService/locations/westus/operations/e69a2649-bfdd-4e10-9337-319013623b19?api-version=2016-09-30
  response:
    body: {string: "{\r\n  \"startTime\": \"2016-11-03T16:38:57.5573944+00:00\",\r\n
        \ \"status\": \"InProgress\",\r\n  \"name\": \"e69a2649-bfdd-4e10-9337-319013623b19\"\r\n}"}
    headers:
      Cache-Control: [no-cache]
      Content-Type: [application/json; charset=utf-8]
      Date: ['Thu, 03 Nov 2016 16:52:42 GMT']
      Expires: ['-1']
      Pragma: [no-cache]
      Server: [Microsoft-HTTPAPI/2.0, Microsoft-HTTPAPI/2.0]
      Strict-Transport-Security: [max-age=31536000; includeSubDomains]
      Transfer-Encoding: [chunked]
      Vary: [Accept-Encoding]
      content-length: ['134']
      x-ms-correlation-request-id: [00f08d46-cde6-4cee-bac5-e820723a2643]
      x-ms-ratelimit-remaining-subscription-reads: ['14997']
      x-ms-request-id: [bd207727-a4f1-4f57-9adf-99c1330b9395]
      x-ms-routing-request-id: ['WESTUS2:20161103T165242Z:00f08d46-cde6-4cee-bac5-e820723a2643']
      x-ms-served-by: [bea63665-dda7-4dd6-a2c0-70240a06f770_131178360173492968]
    status: {code: 200, message: OK}
- request:
    body: null
    headers:
      Accept: [application/json]
      Accept-Encoding: ['gzip, deflate']
      Connection: [keep-alive]
      Content-Type: [application/json; charset=utf-8]
      User-Agent: [python/3.5.1 (Windows-10-10.0.14393-SP0) requests/2.11.1 msrest/0.4.4
          msrest_azure/0.4.3 computemanagementclient/0.30.0 Azure-SDK-For-Python]
      accept-language: [en-US]
      x-ms-client-request-id: [049a27ca-a1e4-11e6-860a-ecb1d756380e]
    method: GET
    uri: https:/management.azure.com/subscriptions/00000000-0000-0000-0000-000000000000/providers/Microsoft.ContainerService/locations/westus/operations/e69a2649-bfdd-4e10-9337-319013623b19?api-version=2016-09-30
  response:
    body: {string: "{\r\n  \"startTime\": \"2016-11-03T16:38:57.5573944+00:00\",\r\n
        \ \"status\": \"InProgress\",\r\n  \"name\": \"e69a2649-bfdd-4e10-9337-319013623b19\"\r\n}"}
    headers:
      Cache-Control: [no-cache]
      Content-Type: [application/json; charset=utf-8]
      Date: ['Thu, 03 Nov 2016 16:53:13 GMT']
      Expires: ['-1']
      Pragma: [no-cache]
      Server: [Microsoft-HTTPAPI/2.0, Microsoft-HTTPAPI/2.0]
      Strict-Transport-Security: [max-age=31536000; includeSubDomains]
      Transfer-Encoding: [chunked]
      Vary: [Accept-Encoding]
      content-length: ['134']
      x-ms-correlation-request-id: [64c49138-0ff2-4b40-9554-c3e1d5ef7f7c]
      x-ms-ratelimit-remaining-subscription-reads: ['14997']
      x-ms-request-id: [e7e5b1f9-e4e1-4525-98b1-a02003580ae3]
      x-ms-routing-request-id: ['CENTRALUS:20161103T165313Z:64c49138-0ff2-4b40-9554-c3e1d5ef7f7c']
      x-ms-served-by: [bea63665-dda7-4dd6-a2c0-70240a06f770_131178360173492968]
    status: {code: 200, message: OK}
- request:
    body: null
    headers:
      Accept: [application/json]
      Accept-Encoding: ['gzip, deflate']
      Connection: [keep-alive]
      Content-Type: [application/json; charset=utf-8]
      User-Agent: [python/3.5.1 (Windows-10-10.0.14393-SP0) requests/2.11.1 msrest/0.4.4
          msrest_azure/0.4.3 computemanagementclient/0.30.0 Azure-SDK-For-Python]
      accept-language: [en-US]
      x-ms-client-request-id: [049a27ca-a1e4-11e6-860a-ecb1d756380e]
    method: GET
    uri: https:/management.azure.com/subscriptions/00000000-0000-0000-0000-000000000000/providers/Microsoft.ContainerService/locations/westus/operations/e69a2649-bfdd-4e10-9337-319013623b19?api-version=2016-09-30
  response:
    body: {string: "{\r\n  \"startTime\": \"2016-11-03T16:38:57.5573944+00:00\",\r\n
        \ \"status\": \"InProgress\",\r\n  \"name\": \"e69a2649-bfdd-4e10-9337-319013623b19\"\r\n}"}
    headers:
      Cache-Control: [no-cache]
      Content-Type: [application/json; charset=utf-8]
      Date: ['Thu, 03 Nov 2016 16:53:43 GMT']
      Expires: ['-1']
      Pragma: [no-cache]
      Server: [Microsoft-HTTPAPI/2.0, Microsoft-HTTPAPI/2.0]
      Strict-Transport-Security: [max-age=31536000; includeSubDomains]
      Transfer-Encoding: [chunked]
      Vary: [Accept-Encoding]
      content-length: ['134']
      x-ms-correlation-request-id: [cdf363d9-c730-4730-9285-e50d974a36d6]
      x-ms-ratelimit-remaining-subscription-reads: ['14995']
      x-ms-request-id: [284bde43-e1df-4486-bd0a-2ca4c362b748]
      x-ms-routing-request-id: ['CENTRALUS:20161103T165343Z:cdf363d9-c730-4730-9285-e50d974a36d6']
      x-ms-served-by: [bea63665-dda7-4dd6-a2c0-70240a06f770_131178360173492968]
    status: {code: 200, message: OK}
- request:
    body: null
    headers:
      Accept: [application/json]
      Accept-Encoding: ['gzip, deflate']
      Connection: [keep-alive]
      Content-Type: [application/json; charset=utf-8]
      User-Agent: [python/3.5.1 (Windows-10-10.0.14393-SP0) requests/2.11.1 msrest/0.4.4
          msrest_azure/0.4.3 computemanagementclient/0.30.0 Azure-SDK-For-Python]
      accept-language: [en-US]
      x-ms-client-request-id: [049a27ca-a1e4-11e6-860a-ecb1d756380e]
    method: GET
    uri: https:/management.azure.com/subscriptions/00000000-0000-0000-0000-000000000000/providers/Microsoft.ContainerService/locations/westus/operations/e69a2649-bfdd-4e10-9337-319013623b19?api-version=2016-09-30
  response:
    body: {string: "{\r\n  \"startTime\": \"2016-11-03T16:38:57.5573944+00:00\",\r\n
        \ \"status\": \"InProgress\",\r\n  \"name\": \"e69a2649-bfdd-4e10-9337-319013623b19\"\r\n}"}
    headers:
      Cache-Control: [no-cache]
      Content-Type: [application/json; charset=utf-8]
      Date: ['Thu, 03 Nov 2016 16:54:13 GMT']
      Expires: ['-1']
      Pragma: [no-cache]
      Server: [Microsoft-HTTPAPI/2.0, Microsoft-HTTPAPI/2.0]
      Strict-Transport-Security: [max-age=31536000; includeSubDomains]
      Transfer-Encoding: [chunked]
      Vary: [Accept-Encoding]
      content-length: ['134']
      x-ms-correlation-request-id: [fe4eabd5-64d9-4097-991c-2878416a0574]
      x-ms-ratelimit-remaining-subscription-reads: ['14996']
      x-ms-request-id: [4270c911-3b51-49c6-a90f-8a8ba4e2774b]
      x-ms-routing-request-id: ['CENTRALUS:20161103T165414Z:fe4eabd5-64d9-4097-991c-2878416a0574']
      x-ms-served-by: [bea63665-dda7-4dd6-a2c0-70240a06f770_131178360173492968]
    status: {code: 200, message: OK}
- request:
    body: null
    headers:
      Accept: [application/json]
      Accept-Encoding: ['gzip, deflate']
      Connection: [keep-alive]
      Content-Type: [application/json; charset=utf-8]
      User-Agent: [python/3.5.1 (Windows-10-10.0.14393-SP0) requests/2.11.1 msrest/0.4.4
          msrest_azure/0.4.3 computemanagementclient/0.30.0 Azure-SDK-For-Python]
      accept-language: [en-US]
      x-ms-client-request-id: [049a27ca-a1e4-11e6-860a-ecb1d756380e]
    method: GET
    uri: https:/management.azure.com/subscriptions/00000000-0000-0000-0000-000000000000/providers/Microsoft.ContainerService/locations/westus/operations/e69a2649-bfdd-4e10-9337-319013623b19?api-version=2016-09-30
  response:
    body: {string: "{\r\n  \"startTime\": \"2016-11-03T16:38:57.5573944+00:00\",\r\n
        \ \"status\": \"InProgress\",\r\n  \"name\": \"e69a2649-bfdd-4e10-9337-319013623b19\"\r\n}"}
    headers:
      Cache-Control: [no-cache]
      Content-Type: [application/json; charset=utf-8]
      Date: ['Thu, 03 Nov 2016 16:54:44 GMT']
      Expires: ['-1']
      Pragma: [no-cache]
      Server: [Microsoft-HTTPAPI/2.0, Microsoft-HTTPAPI/2.0]
      Strict-Transport-Security: [max-age=31536000; includeSubDomains]
      Transfer-Encoding: [chunked]
      Vary: [Accept-Encoding]
      content-length: ['134']
      x-ms-correlation-request-id: [ea45db04-8fb0-4a3a-92ed-522385d1edb0]
      x-ms-ratelimit-remaining-subscription-reads: ['14997']
      x-ms-request-id: [d9ac8f44-3c87-4ec7-9d47-68a545a22d18]
      x-ms-routing-request-id: ['CENTRALUS:20161103T165444Z:ea45db04-8fb0-4a3a-92ed-522385d1edb0']
      x-ms-served-by: [bea63665-dda7-4dd6-a2c0-70240a06f770_131178360173492968]
    status: {code: 200, message: OK}
- request:
    body: null
    headers:
      Accept: [application/json]
      Accept-Encoding: ['gzip, deflate']
      Connection: [keep-alive]
      Content-Type: [application/json; charset=utf-8]
      User-Agent: [python/3.5.1 (Windows-10-10.0.14393-SP0) requests/2.11.1 msrest/0.4.4
          msrest_azure/0.4.3 computemanagementclient/0.30.0 Azure-SDK-For-Python]
      accept-language: [en-US]
      x-ms-client-request-id: [049a27ca-a1e4-11e6-860a-ecb1d756380e]
    method: GET
    uri: https:/management.azure.com/subscriptions/00000000-0000-0000-0000-000000000000/providers/Microsoft.ContainerService/locations/westus/operations/e69a2649-bfdd-4e10-9337-319013623b19?api-version=2016-09-30
  response:
    body: {string: "{\r\n  \"startTime\": \"2016-11-03T16:38:57.5573944+00:00\",\r\n
        \ \"status\": \"InProgress\",\r\n  \"name\": \"e69a2649-bfdd-4e10-9337-319013623b19\"\r\n}"}
    headers:
      Cache-Control: [no-cache]
      Content-Type: [application/json; charset=utf-8]
      Date: ['Thu, 03 Nov 2016 16:55:15 GMT']
      Expires: ['-1']
      Pragma: [no-cache]
      Server: [Microsoft-HTTPAPI/2.0, Microsoft-HTTPAPI/2.0]
      Strict-Transport-Security: [max-age=31536000; includeSubDomains]
      Transfer-Encoding: [chunked]
      Vary: [Accept-Encoding]
      content-length: ['134']
      x-ms-correlation-request-id: [2350b502-6754-4548-80f6-98382ac364f2]
      x-ms-ratelimit-remaining-subscription-reads: ['14996']
      x-ms-request-id: [69ffa1c0-01b1-47e9-abc2-551d815117e4]
      x-ms-routing-request-id: ['CENTRALUS:20161103T165515Z:2350b502-6754-4548-80f6-98382ac364f2']
      x-ms-served-by: [bea63665-dda7-4dd6-a2c0-70240a06f770_131178360173492968]
    status: {code: 200, message: OK}
- request:
    body: null
    headers:
      Accept: [application/json]
      Accept-Encoding: ['gzip, deflate']
      Connection: [keep-alive]
      Content-Type: [application/json; charset=utf-8]
      User-Agent: [python/3.5.1 (Windows-10-10.0.14393-SP0) requests/2.11.1 msrest/0.4.4
          msrest_azure/0.4.3 computemanagementclient/0.30.0 Azure-SDK-For-Python]
      accept-language: [en-US]
      x-ms-client-request-id: [049a27ca-a1e4-11e6-860a-ecb1d756380e]
    method: GET
    uri: https:/management.azure.com/subscriptions/00000000-0000-0000-0000-000000000000/providers/Microsoft.ContainerService/locations/westus/operations/e69a2649-bfdd-4e10-9337-319013623b19?api-version=2016-09-30
  response:
    body: {string: "{\r\n  \"startTime\": \"2016-11-03T16:38:57.5573944+00:00\",\r\n
        \ \"status\": \"InProgress\",\r\n  \"name\": \"e69a2649-bfdd-4e10-9337-319013623b19\"\r\n}"}
    headers:
      Cache-Control: [no-cache]
      Content-Type: [application/json; charset=utf-8]
      Date: ['Thu, 03 Nov 2016 16:55:45 GMT']
      Expires: ['-1']
      Pragma: [no-cache]
      Server: [Microsoft-HTTPAPI/2.0, Microsoft-HTTPAPI/2.0]
      Strict-Transport-Security: [max-age=31536000; includeSubDomains]
      Transfer-Encoding: [chunked]
      Vary: [Accept-Encoding]
      content-length: ['134']
      x-ms-correlation-request-id: [4ce3a7be-ab6f-4c53-9add-d7465cad26ef]
      x-ms-ratelimit-remaining-subscription-reads: ['14997']
      x-ms-request-id: [37c2a35f-87be-4984-8008-a689cc20e51c]
      x-ms-routing-request-id: ['CENTRALUS:20161103T165546Z:4ce3a7be-ab6f-4c53-9add-d7465cad26ef']
      x-ms-served-by: [bea63665-dda7-4dd6-a2c0-70240a06f770_131178360173492968]
    status: {code: 200, message: OK}
- request:
    body: null
    headers:
      Accept: [application/json]
      Accept-Encoding: ['gzip, deflate']
      Connection: [keep-alive]
      Content-Type: [application/json; charset=utf-8]
      User-Agent: [python/3.5.1 (Windows-10-10.0.14393-SP0) requests/2.11.1 msrest/0.4.4
          msrest_azure/0.4.3 computemanagementclient/0.30.0 Azure-SDK-For-Python]
      accept-language: [en-US]
      x-ms-client-request-id: [049a27ca-a1e4-11e6-860a-ecb1d756380e]
    method: GET
    uri: https:/management.azure.com/subscriptions/00000000-0000-0000-0000-000000000000/providers/Microsoft.ContainerService/locations/westus/operations/e69a2649-bfdd-4e10-9337-319013623b19?api-version=2016-09-30
  response:
    body: {string: "{\r\n  \"startTime\": \"2016-11-03T16:38:57.5573944+00:00\",\r\n
        \ \"status\": \"InProgress\",\r\n  \"name\": \"e69a2649-bfdd-4e10-9337-319013623b19\"\r\n}"}
    headers:
      Cache-Control: [no-cache]
      Content-Type: [application/json; charset=utf-8]
      Date: ['Thu, 03 Nov 2016 16:56:16 GMT']
      Expires: ['-1']
      Pragma: [no-cache]
      Server: [Microsoft-HTTPAPI/2.0, Microsoft-HTTPAPI/2.0]
      Strict-Transport-Security: [max-age=31536000; includeSubDomains]
      Transfer-Encoding: [chunked]
      Vary: [Accept-Encoding]
      content-length: ['134']
      x-ms-correlation-request-id: [5c13068f-6f02-41c3-a0ad-61ba0ea3d652]
      x-ms-ratelimit-remaining-subscription-reads: ['14996']
      x-ms-request-id: [e600c1d8-3345-4c6e-99b4-67ba2db772b0]
      x-ms-routing-request-id: ['CENTRALUS:20161103T165617Z:5c13068f-6f02-41c3-a0ad-61ba0ea3d652']
      x-ms-served-by: [bea63665-dda7-4dd6-a2c0-70240a06f770_131178360173492968]
    status: {code: 200, message: OK}
- request:
    body: null
    headers:
      Accept: [application/json]
      Accept-Encoding: ['gzip, deflate']
      Connection: [keep-alive]
      Content-Type: [application/json; charset=utf-8]
      User-Agent: [python/3.5.1 (Windows-10-10.0.14393-SP0) requests/2.11.1 msrest/0.4.4
          msrest_azure/0.4.3 computemanagementclient/0.30.0 Azure-SDK-For-Python]
      accept-language: [en-US]
      x-ms-client-request-id: [049a27ca-a1e4-11e6-860a-ecb1d756380e]
    method: GET
    uri: https:/management.azure.com/subscriptions/00000000-0000-0000-0000-000000000000/providers/Microsoft.ContainerService/locations/westus/operations/e69a2649-bfdd-4e10-9337-319013623b19?api-version=2016-09-30
  response:
    body: {string: "{\r\n  \"startTime\": \"2016-11-03T16:38:57.5573944+00:00\",\r\n
        \ \"status\": \"InProgress\",\r\n  \"name\": \"e69a2649-bfdd-4e10-9337-319013623b19\"\r\n}"}
    headers:
      Cache-Control: [no-cache]
      Content-Type: [application/json; charset=utf-8]
      Date: ['Thu, 03 Nov 2016 16:56:47 GMT']
      Expires: ['-1']
      Pragma: [no-cache]
      Server: [Microsoft-HTTPAPI/2.0, Microsoft-HTTPAPI/2.0]
      Strict-Transport-Security: [max-age=31536000; includeSubDomains]
      Transfer-Encoding: [chunked]
      Vary: [Accept-Encoding]
      content-length: ['134']
      x-ms-correlation-request-id: [891cccfc-03f1-426a-a9cc-ca6778d0d57c]
      x-ms-ratelimit-remaining-subscription-reads: ['14996']
      x-ms-request-id: [1c544b2e-aea6-4241-ba77-29711b0450a9]
      x-ms-routing-request-id: ['WESTUS2:20161103T165647Z:891cccfc-03f1-426a-a9cc-ca6778d0d57c']
      x-ms-served-by: [bea63665-dda7-4dd6-a2c0-70240a06f770_131178360173492968]
    status: {code: 200, message: OK}
- request:
    body: null
    headers:
      Accept: [application/json]
      Accept-Encoding: ['gzip, deflate']
      Connection: [keep-alive]
      Content-Type: [application/json; charset=utf-8]
      User-Agent: [python/3.5.1 (Windows-10-10.0.14393-SP0) requests/2.11.1 msrest/0.4.4
          msrest_azure/0.4.3 computemanagementclient/0.30.0 Azure-SDK-For-Python]
      accept-language: [en-US]
      x-ms-client-request-id: [049a27ca-a1e4-11e6-860a-ecb1d756380e]
    method: GET
    uri: https:/management.azure.com/subscriptions/00000000-0000-0000-0000-000000000000/providers/Microsoft.ContainerService/locations/westus/operations/e69a2649-bfdd-4e10-9337-319013623b19?api-version=2016-09-30
  response:
    body: {string: "{\r\n  \"startTime\": \"2016-11-03T16:38:57.5573944+00:00\",\r\n
        \ \"status\": \"InProgress\",\r\n  \"name\": \"e69a2649-bfdd-4e10-9337-319013623b19\"\r\n}"}
    headers:
      Cache-Control: [no-cache]
      Content-Type: [application/json; charset=utf-8]
      Date: ['Thu, 03 Nov 2016 16:57:17 GMT']
      Expires: ['-1']
      Pragma: [no-cache]
      Server: [Microsoft-HTTPAPI/2.0, Microsoft-HTTPAPI/2.0]
      Strict-Transport-Security: [max-age=31536000; includeSubDomains]
      Transfer-Encoding: [chunked]
      Vary: [Accept-Encoding]
      content-length: ['134']
      x-ms-correlation-request-id: [e6bb8248-60bd-4c77-ad8b-cc4e54d45a93]
      x-ms-ratelimit-remaining-subscription-reads: ['14994']
      x-ms-request-id: [b143c1c1-1e22-48fc-b854-c5ac183b026e]
      x-ms-routing-request-id: ['WESTUS2:20161103T165717Z:e6bb8248-60bd-4c77-ad8b-cc4e54d45a93']
      x-ms-served-by: [bea63665-dda7-4dd6-a2c0-70240a06f770_131178360173492968]
    status: {code: 200, message: OK}
- request:
    body: null
    headers:
      Accept: [application/json]
      Accept-Encoding: ['gzip, deflate']
      Connection: [keep-alive]
      Content-Type: [application/json; charset=utf-8]
      User-Agent: [python/3.5.1 (Windows-10-10.0.14393-SP0) requests/2.11.1 msrest/0.4.4
          msrest_azure/0.4.3 computemanagementclient/0.30.0 Azure-SDK-For-Python]
      accept-language: [en-US]
      x-ms-client-request-id: [049a27ca-a1e4-11e6-860a-ecb1d756380e]
    method: GET
    uri: https:/management.azure.com/subscriptions/00000000-0000-0000-0000-000000000000/providers/Microsoft.ContainerService/locations/westus/operations/e69a2649-bfdd-4e10-9337-319013623b19?api-version=2016-09-30
  response:
    body: {string: "{\r\n  \"startTime\": \"2016-11-03T16:38:57.5573944+00:00\",\r\n
        \ \"status\": \"InProgress\",\r\n  \"name\": \"e69a2649-bfdd-4e10-9337-319013623b19\"\r\n}"}
    headers:
      Cache-Control: [no-cache]
      Content-Type: [application/json; charset=utf-8]
      Date: ['Thu, 03 Nov 2016 16:57:48 GMT']
      Expires: ['-1']
      Pragma: [no-cache]
      Server: [Microsoft-HTTPAPI/2.0, Microsoft-HTTPAPI/2.0]
      Strict-Transport-Security: [max-age=31536000; includeSubDomains]
      Transfer-Encoding: [chunked]
      Vary: [Accept-Encoding]
      content-length: ['134']
      x-ms-correlation-request-id: [b8bf240f-12c2-4847-adac-1a7becf3e0ea]
      x-ms-ratelimit-remaining-subscription-reads: ['14994']
      x-ms-request-id: [96f87518-37bc-407d-9d9a-96645d524785]
      x-ms-routing-request-id: ['CENTRALUS:20161103T165748Z:b8bf240f-12c2-4847-adac-1a7becf3e0ea']
      x-ms-served-by: [bea63665-dda7-4dd6-a2c0-70240a06f770_131178360173492968]
    status: {code: 200, message: OK}
- request:
    body: null
    headers:
      Accept: [application/json]
      Accept-Encoding: ['gzip, deflate']
      Connection: [keep-alive]
      Content-Type: [application/json; charset=utf-8]
      User-Agent: [python/3.5.1 (Windows-10-10.0.14393-SP0) requests/2.11.1 msrest/0.4.4
          msrest_azure/0.4.3 computemanagementclient/0.30.0 Azure-SDK-For-Python]
      accept-language: [en-US]
      x-ms-client-request-id: [049a27ca-a1e4-11e6-860a-ecb1d756380e]
    method: GET
    uri: https:/management.azure.com/subscriptions/00000000-0000-0000-0000-000000000000/providers/Microsoft.ContainerService/locations/westus/operations/e69a2649-bfdd-4e10-9337-319013623b19?api-version=2016-09-30
  response:
    body: {string: "{\r\n  \"startTime\": \"2016-11-03T16:38:57.5573944+00:00\",\r\n
        \ \"status\": \"InProgress\",\r\n  \"name\": \"e69a2649-bfdd-4e10-9337-319013623b19\"\r\n}"}
    headers:
      Cache-Control: [no-cache]
      Content-Type: [application/json; charset=utf-8]
      Date: ['Thu, 03 Nov 2016 16:58:19 GMT']
      Expires: ['-1']
      Pragma: [no-cache]
      Server: [Microsoft-HTTPAPI/2.0, Microsoft-HTTPAPI/2.0]
      Strict-Transport-Security: [max-age=31536000; includeSubDomains]
      Transfer-Encoding: [chunked]
      Vary: [Accept-Encoding]
      content-length: ['134']
      x-ms-correlation-request-id: [145d0838-8f58-461e-80ad-250537ce1568]
      x-ms-ratelimit-remaining-subscription-reads: ['14995']
      x-ms-request-id: [5e208a3a-0067-4c0d-be16-48f720ad47d8]
      x-ms-routing-request-id: ['CENTRALUS:20161103T165819Z:145d0838-8f58-461e-80ad-250537ce1568']
      x-ms-served-by: [bea63665-dda7-4dd6-a2c0-70240a06f770_131178360173492968]
    status: {code: 200, message: OK}
- request:
    body: null
    headers:
      Accept: [application/json]
      Accept-Encoding: ['gzip, deflate']
      Connection: [keep-alive]
      Content-Type: [application/json; charset=utf-8]
      User-Agent: [python/3.5.1 (Windows-10-10.0.14393-SP0) requests/2.11.1 msrest/0.4.4
          msrest_azure/0.4.3 computemanagementclient/0.30.0 Azure-SDK-For-Python]
      accept-language: [en-US]
      x-ms-client-request-id: [049a27ca-a1e4-11e6-860a-ecb1d756380e]
    method: GET
    uri: https:/management.azure.com/subscriptions/00000000-0000-0000-0000-000000000000/providers/Microsoft.ContainerService/locations/westus/operations/e69a2649-bfdd-4e10-9337-319013623b19?api-version=2016-09-30
  response:
    body: {string: "{\r\n  \"startTime\": \"2016-11-03T16:38:57.5573944+00:00\",\r\n
        \ \"endTime\": \"2016-11-03T16:58:30.526195+00:00\",\r\n  \"status\": \"Succeeded\",\r\n
        \ \"name\": \"e69a2649-bfdd-4e10-9337-319013623b19\"\r\n}"}
    headers:
      Cache-Control: [no-cache]
      Content-Type: [application/json; charset=utf-8]
      Date: ['Thu, 03 Nov 2016 16:58:49 GMT']
      Expires: ['-1']
      Pragma: [no-cache]
      Server: [Microsoft-HTTPAPI/2.0, Microsoft-HTTPAPI/2.0]
      Strict-Transport-Security: [max-age=31536000; includeSubDomains]
      Transfer-Encoding: [chunked]
      Vary: [Accept-Encoding]
      content-length: ['183']
      x-ms-correlation-request-id: [432520b7-e1ff-4cf1-a599-0624ba3e9b60]
      x-ms-ratelimit-remaining-subscription-reads: ['14993']
      x-ms-request-id: [e39188f9-9960-416a-b610-728a14151545]
      x-ms-routing-request-id: ['CENTRALUS:20161103T165849Z:432520b7-e1ff-4cf1-a599-0624ba3e9b60']
      x-ms-served-by: [bea63665-dda7-4dd6-a2c0-70240a06f770_131178360173492968]
    status: {code: 200, message: OK}
- request:
    body: null
    headers:
      Accept: [application/json]
      Accept-Encoding: ['gzip, deflate']
      Connection: [keep-alive]
      Content-Type: [application/json; charset=utf-8]
      User-Agent: [python/3.5.1 (Windows-10-10.0.14393-SP0) requests/2.11.1 msrest/0.4.4
          msrest_azure/0.4.3 computemanagementclient/0.30.0 Azure-SDK-For-Python]
      accept-language: [en-US]
      x-ms-client-request-id: [049a27ca-a1e4-11e6-860a-ecb1d756380e]
    method: GET
    uri: https:/management.azure.com/subscriptions/00000000-0000-0000-0000-000000000000/resourceGroups/test_mgmt_compute_test_containerdb8c0d41/providers/Microsoft.ContainerService/containerServices/pycontainerdb8c0d41?api-version=2016-09-30
  response:
    body: {string: "{\r\n  \"id\": \"/subscriptions/00000000-0000-0000-0000-000000000000/resourceGroups/test_mgmt_compute_test_containerdb8c0d41/providers/Microsoft.ContainerService/containerServices/pycontainerdb8c0d41\",\r\n
        \ \"name\": \"pycontainerdb8c0d41\",\r\n  \"type\": \"Microsoft.ContainerService/ContainerServices\",\r\n
        \ \"location\": \"westus\",\r\n  \"properties\": {\r\n    \"provisioningState\":
        \"Succeeded\",\r\n    \"orchestratorProfile\": {\r\n      \"orchestratorType\":
        \"DCOS\"\r\n    },\r\n    \"masterProfile\": {\r\n      \"count\": 1,\r\n
        \     \"dnsPrefix\": \"MasterPrefixTest\",\r\n      \"fqdn\": \"masterprefixtest.westus.cloudapp.azure.com\"\r\n
        \   },\r\n    \"agentPoolProfiles\": [\r\n      {\r\n        \"name\": \"AgentPool1\",\r\n
        \       \"count\": 3,\r\n        \"vmSize\": \"Standard_A1\",\r\n        \"dnsPrefix\":
        \"AgentPrefixTest\",\r\n        \"fqdn\": \"agentprefixtest.westus.cloudapp.azure.com\",\r\n
        \       \"osType\": \"Linux\"\r\n      }\r\n    ],\r\n    \"linuxProfile\":
        {\r\n      \"ssh\": {\r\n        \"publicKeys\": [\r\n          {\r\n            \"keyData\":
        \"ssh-rsa AAAAB3NzaC1yc2EAAAABJQAAAQEAlj9UC6+57XWVu0fd6zqXa256EU9EZdoLGE3TqdZqu9fvUvLQOX2G0d5DmFhDCyTmWLQUx3/ONQ9RotYmHGymBIPQcpx43nnxsuihAILcpGZ5NjCj4IOYnmhdULxN4ti7k00S+udqokrRYpmwt0N4NA4VT9cN+7uJDL8Opqa1FYu0CT/RqSW+3aoQ0nfGj11axoxM37FuOMZ/c7mBSxvuI9NsDmcDQOUmPXjlgNlxrLzf6VcjxnJh4AO83zbyLok37mW/C7CuNK4WowjPO1Ix2kqRHRxBrzxYZ9xqZPc8GpFTw/dxJEYdJ3xlitbOoBoDgrL5gSITv6ESlNqjPk6kHQ==
        azureuser@linuxvm\"\r\n          }\r\n        ]\r\n      },\r\n      \"adminUsername\":
        \"acslinuxadmin\"\r\n    },\r\n    \"diagnosticsProfile\": {\r\n      \"vmDiagnostics\":
        {\r\n        \"enabled\": true,\r\n        \"storageUri\": \"https://qzyj2kyynol56diag0.blob.core.windows.net/\"\r\n
        \     }\r\n    }\r\n  }\r\n}"}
    headers:
      Cache-Control: [no-cache]
      Content-Type: [application/json; charset=utf-8]
      Date: ['Thu, 03 Nov 2016 16:58:50 GMT']
      Expires: ['-1']
      Pragma: [no-cache]
      Server: [Microsoft-HTTPAPI/2.0, Microsoft-HTTPAPI/2.0]
      Strict-Transport-Security: [max-age=31536000; includeSubDomains]
      Transfer-Encoding: [chunked]
      Vary: [Accept-Encoding]
      content-length: ['1629']
      x-ms-correlation-request-id: [28c969dc-2830-4f07-9fd2-b8a863081cf8]
      x-ms-ratelimit-remaining-subscription-reads: ['14992']
      x-ms-request-id: [e5e983a1-c7d8-490a-b703-b2f426fc9bb6]
      x-ms-routing-request-id: ['CENTRALUS:20161103T165850Z:28c969dc-2830-4f07-9fd2-b8a863081cf8']
      x-ms-served-by: [bea63665-dda7-4dd6-a2c0-70240a06f770_131178360173492968]
    status: {code: 200, message: OK}
- request:
    body: null
    headers:
      Accept: [application/json]
      Accept-Encoding: ['gzip, deflate']
      Connection: [keep-alive]
      Content-Type: [application/json; charset=utf-8]
      User-Agent: [python/3.5.1 (Windows-10-10.0.14393-SP0) requests/2.11.1 msrest/0.4.4
          msrest_azure/0.4.3 computemanagementclient/0.30.0 Azure-SDK-For-Python]
      accept-language: [en-US]
      x-ms-client-request-id: [cb4b9ea2-a1e6-11e6-8892-ecb1d756380e]
    method: GET
    uri: https:/management.azure.com/subscriptions/00000000-0000-0000-0000-000000000000/resourceGroups/test_mgmt_compute_test_containerdb8c0d41/providers/Microsoft.ContainerService/containerServices/pycontainerdb8c0d41?api-version=2016-09-30
  response:
    body: {string: "{\r\n  \"id\": \"/subscriptions/00000000-0000-0000-0000-000000000000/resourceGroups/test_mgmt_compute_test_containerdb8c0d41/providers/Microsoft.ContainerService/containerServices/pycontainerdb8c0d41\",\r\n
        \ \"name\": \"pycontainerdb8c0d41\",\r\n  \"type\": \"Microsoft.ContainerService/ContainerServices\",\r\n
        \ \"location\": \"westus\",\r\n  \"properties\": {\r\n    \"provisioningState\":
        \"Succeeded\",\r\n    \"orchestratorProfile\": {\r\n      \"orchestratorType\":
        \"DCOS\"\r\n    },\r\n    \"masterProfile\": {\r\n      \"count\": 1,\r\n
        \     \"dnsPrefix\": \"MasterPrefixTest\",\r\n      \"fqdn\": \"masterprefixtest.westus.cloudapp.azure.com\"\r\n
        \   },\r\n    \"agentPoolProfiles\": [\r\n      {\r\n        \"name\": \"AgentPool1\",\r\n
        \       \"count\": 3,\r\n        \"vmSize\": \"Standard_A1\",\r\n        \"dnsPrefix\":
        \"AgentPrefixTest\",\r\n        \"fqdn\": \"agentprefixtest.westus.cloudapp.azure.com\",\r\n
        \       \"osType\": \"Linux\"\r\n      }\r\n    ],\r\n    \"linuxProfile\":
        {\r\n      \"ssh\": {\r\n        \"publicKeys\": [\r\n          {\r\n            \"keyData\":
        \"ssh-rsa AAAAB3NzaC1yc2EAAAABJQAAAQEAlj9UC6+57XWVu0fd6zqXa256EU9EZdoLGE3TqdZqu9fvUvLQOX2G0d5DmFhDCyTmWLQUx3/ONQ9RotYmHGymBIPQcpx43nnxsuihAILcpGZ5NjCj4IOYnmhdULxN4ti7k00S+udqokrRYpmwt0N4NA4VT9cN+7uJDL8Opqa1FYu0CT/RqSW+3aoQ0nfGj11axoxM37FuOMZ/c7mBSxvuI9NsDmcDQOUmPXjlgNlxrLzf6VcjxnJh4AO83zbyLok37mW/C7CuNK4WowjPO1Ix2kqRHRxBrzxYZ9xqZPc8GpFTw/dxJEYdJ3xlitbOoBoDgrL5gSITv6ESlNqjPk6kHQ==
        azureuser@linuxvm\"\r\n          }\r\n        ]\r\n      },\r\n      \"adminUsername\":
        \"acslinuxadmin\"\r\n    },\r\n    \"diagnosticsProfile\": {\r\n      \"vmDiagnostics\":
        {\r\n        \"enabled\": true,\r\n        \"storageUri\": \"https://qzyj2kyynol56diag0.blob.core.windows.net/\"\r\n
        \     }\r\n    }\r\n  }\r\n}"}
    headers:
      Cache-Control: [no-cache]
      Content-Type: [application/json; charset=utf-8]
      Date: ['Thu, 03 Nov 2016 16:58:51 GMT']
      Expires: ['-1']
      Pragma: [no-cache]
      Server: [Microsoft-HTTPAPI/2.0, Microsoft-HTTPAPI/2.0]
      Strict-Transport-Security: [max-age=31536000; includeSubDomains]
      Transfer-Encoding: [chunked]
      Vary: [Accept-Encoding]
      content-length: ['1629']
      x-ms-correlation-request-id: [1c15d701-eab6-4e8d-b591-57ace94183b2]
      x-ms-ratelimit-remaining-subscription-reads: ['14995']
      x-ms-request-id: [66494927-4eda-4293-87e2-62edaa53b7c4]
      x-ms-routing-request-id: ['CENTRALUS:20161103T165851Z:1c15d701-eab6-4e8d-b591-57ace94183b2']
      x-ms-served-by: [bea63665-dda7-4dd6-a2c0-70240a06f770_131178360173492968]
    status: {code: 200, message: OK}
- request:
    body: null
    headers:
      Accept: [application/json]
      Accept-Encoding: ['gzip, deflate']
      Connection: [keep-alive]
      Content-Type: [application/json; charset=utf-8]
      User-Agent: [python/3.5.1 (Windows-10-10.0.14393-SP0) requests/2.11.1 msrest/0.4.4
          msrest_azure/0.4.3 computemanagementclient/0.30.0 Azure-SDK-For-Python]
      accept-language: [en-US]
      x-ms-client-request-id: [cbb77b7a-a1e6-11e6-9117-ecb1d756380e]
    method: GET
    uri: https:/management.azure.com/subscriptions/00000000-0000-0000-0000-000000000000/resourceGroups/test_mgmt_compute_test_containerdb8c0d41/providers/Microsoft.ContainerService/containerServices?api-version=2016-09-30
  response:
    body: {string: "{\r\n  \"value\": [\r\n    {\r\n      \"id\": \"/subscriptions/00000000-0000-0000-0000-000000000000/resourceGroups/TEST_MGMT_COMPUTE_TEST_CONTAINERDB8C0D41/providers/Microsoft.ContainerService/containerServices/pycontainerdb8c0d41\",\r\n
        \     \"name\": \"pycontainerdb8c0d41\",\r\n      \"type\": \"Microsoft.ContainerService/ContainerServices\",\r\n
        \     \"location\": \"westus\",\r\n      \"properties\": {\r\n        \"provisioningState\":
        \"Succeeded\",\r\n        \"orchestratorProfile\": {\r\n          \"orchestratorType\":
        \"DCOS\"\r\n        },\r\n        \"masterProfile\": {\r\n          \"count\":
        1,\r\n          \"dnsPrefix\": \"MasterPrefixTest\",\r\n          \"fqdn\":
        \"masterprefixtest.westus.cloudapp.azure.com\"\r\n        },\r\n        \"agentPoolProfiles\":
        [\r\n          {\r\n            \"name\": \"AgentPool1\",\r\n            \"count\":
        3,\r\n            \"vmSize\": \"Standard_A1\",\r\n            \"dnsPrefix\":
        \"AgentPrefixTest\",\r\n            \"fqdn\": \"agentprefixtest.westus.cloudapp.azure.com\",\r\n
        \           \"osType\": \"Linux\"\r\n          }\r\n        ],\r\n        \"linuxProfile\":
        {\r\n          \"ssh\": {\r\n            \"publicKeys\": [\r\n              {\r\n
        \               \"keyData\": \"ssh-rsa AAAAB3NzaC1yc2EAAAABJQAAAQEAlj9UC6+57XWVu0fd6zqXa256EU9EZdoLGE3TqdZqu9fvUvLQOX2G0d5DmFhDCyTmWLQUx3/ONQ9RotYmHGymBIPQcpx43nnxsuihAILcpGZ5NjCj4IOYnmhdULxN4ti7k00S+udqokrRYpmwt0N4NA4VT9cN+7uJDL8Opqa1FYu0CT/RqSW+3aoQ0nfGj11axoxM37FuOMZ/c7mBSxvuI9NsDmcDQOUmPXjlgNlxrLzf6VcjxnJh4AO83zbyLok37mW/C7CuNK4WowjPO1Ix2kqRHRxBrzxYZ9xqZPc8GpFTw/dxJEYdJ3xlitbOoBoDgrL5gSITv6ESlNqjPk6kHQ==
        azureuser@linuxvm\"\r\n              }\r\n            ]\r\n          },\r\n
        \         \"adminUsername\": \"acslinuxadmin\"\r\n        },\r\n        \"diagnosticsProfile\":
        {\r\n          \"vmDiagnostics\": {\r\n            \"enabled\": true,\r\n
        \           \"storageUri\": \"https://qzyj2kyynol56diag0.blob.core.windows.net/\"\r\n
        \         }\r\n        }\r\n      }\r\n    }\r\n  ]\r\n}"}
    headers:
      Cache-Control: [no-cache]
      Content-Type: [application/json; charset=utf-8]
      Date: ['Thu, 03 Nov 2016 16:58:51 GMT']
      Expires: ['-1']
      Pragma: [no-cache]
      Server: [Microsoft-HTTPAPI/2.0, Microsoft-HTTPAPI/2.0]
      Strict-Transport-Security: [max-age=31536000; includeSubDomains]
      Transfer-Encoding: [chunked]
      Vary: [Accept-Encoding]
      content-length: ['1826']
      x-ms-correlation-request-id: [d0d7a400-ae5f-47db-9d93-319f34adfb5f]
      x-ms-ratelimit-remaining-subscription-reads: ['14996']
      x-ms-request-id: [3a3b65bc-17da-4d8f-a4c5-7bb5ff5165f7]
      x-ms-routing-request-id: ['CENTRALUS:20161103T165851Z:d0d7a400-ae5f-47db-9d93-319f34adfb5f']
      x-ms-served-by: [bea63665-dda7-4dd6-a2c0-70240a06f770_131178360173492968]
    status: {code: 200, message: OK}
- request:
    body: null
    headers:
      Accept: [application/json]
      Accept-Encoding: ['gzip, deflate']
      Connection: [keep-alive]
      Content-Type: [application/json; charset=utf-8]
      User-Agent: [python/3.5.1 (Windows-10-10.0.14393-SP0) requests/2.11.1 msrest/0.4.4
          msrest_azure/0.4.3 computemanagementclient/0.30.0 Azure-SDK-For-Python]
      accept-language: [en-US]
      x-ms-client-request-id: [cc060bdc-a1e6-11e6-b46b-ecb1d756380e]
    method: GET
    uri: https:/management.azure.com/subscriptions/00000000-0000-0000-0000-000000000000/providers/Microsoft.ContainerService/containerServices?api-version=2016-09-30
  response:
    body: {string: "{\r\n  \"value\": [\r\n    {\r\n      \"id\": \"/subscriptions/00000000-0000-0000-0000-000000000000/resourceGroups/TEST_MGMT_COMPUTE_TEST_CONTAINERDB8C0D41/providers/Microsoft.ContainerService/containerServices/pycontainerdb8c0d41\",\r\n
        \     \"name\": \"pycontainerdb8c0d41\",\r\n      \"type\": \"Microsoft.ContainerService/ContainerServices\",\r\n
        \     \"location\": \"westus\",\r\n      \"properties\": {\r\n        \"provisioningState\":
        \"Succeeded\",\r\n        \"orchestratorProfile\": {\r\n          \"orchestratorType\":
        \"DCOS\"\r\n        },\r\n        \"masterProfile\": {\r\n          \"count\":
        1,\r\n          \"dnsPrefix\": \"MasterPrefixTest\",\r\n          \"fqdn\":
        \"masterprefixtest.westus.cloudapp.azure.com\"\r\n        },\r\n        \"agentPoolProfiles\":
        [\r\n          {\r\n            \"name\": \"AgentPool1\",\r\n            \"count\":
        3,\r\n            \"vmSize\": \"Standard_A1\",\r\n            \"dnsPrefix\":
        \"AgentPrefixTest\",\r\n            \"fqdn\": \"agentprefixtest.westus.cloudapp.azure.com\",\r\n
        \           \"osType\": \"Linux\"\r\n          }\r\n        ],\r\n        \"linuxProfile\":
        {\r\n          \"ssh\": {\r\n            \"publicKeys\": [\r\n              {\r\n
        \               \"keyData\": \"ssh-rsa AAAAB3NzaC1yc2EAAAABJQAAAQEAlj9UC6+57XWVu0fd6zqXa256EU9EZdoLGE3TqdZqu9fvUvLQOX2G0d5DmFhDCyTmWLQUx3/ONQ9RotYmHGymBIPQcpx43nnxsuihAILcpGZ5NjCj4IOYnmhdULxN4ti7k00S+udqokrRYpmwt0N4NA4VT9cN+7uJDL8Opqa1FYu0CT/RqSW+3aoQ0nfGj11axoxM37FuOMZ/c7mBSxvuI9NsDmcDQOUmPXjlgNlxrLzf6VcjxnJh4AO83zbyLok37mW/C7CuNK4WowjPO1Ix2kqRHRxBrzxYZ9xqZPc8GpFTw/dxJEYdJ3xlitbOoBoDgrL5gSITv6ESlNqjPk6kHQ==
        azureuser@linuxvm\"\r\n              }\r\n            ]\r\n          },\r\n
        \         \"adminUsername\": \"acslinuxadmin\"\r\n        },\r\n        \"diagnosticsProfile\":
        {\r\n          \"vmDiagnostics\": {\r\n            \"enabled\": true,\r\n
        \           \"storageUri\": \"https://qzyj2kyynol56diag0.blob.core.windows.net/\"\r\n
        \         }\r\n        }\r\n      }\r\n    }\r\n  ]\r\n}"}
    headers:
      Cache-Control: [no-cache]
      Content-Type: [application/json; charset=utf-8]
      Date: ['Thu, 03 Nov 2016 16:58:52 GMT']
      Expires: ['-1']
      Pragma: [no-cache]
      Server: [Microsoft-HTTPAPI/2.0, Microsoft-HTTPAPI/2.0]
      Strict-Transport-Security: [max-age=31536000; includeSubDomains]
      Transfer-Encoding: [chunked]
      Vary: [Accept-Encoding]
      content-length: ['1826']
      x-ms-correlation-request-id: [4f99f789-ef5a-4017-a629-79c4f90b2978]
      x-ms-ratelimit-remaining-subscription-reads: ['14997']
      x-ms-request-id: [8705b3cd-8f8a-4b59-8913-d513716c7b3a]
      x-ms-routing-request-id: ['CENTRALUS:20161103T165852Z:4f99f789-ef5a-4017-a629-79c4f90b2978']
      x-ms-served-by: [bea63665-dda7-4dd6-a2c0-70240a06f770_131178360173492968]
    status: {code: 200, message: OK}
- request:
    body: null
    headers:
      Accept: [application/json]
      Accept-Encoding: ['gzip, deflate']
      Connection: [keep-alive]
      Content-Length: ['0']
      Content-Type: [application/json; charset=utf-8]
      User-Agent: [python/3.5.1 (Windows-10-10.0.14393-SP0) requests/2.11.1 msrest/0.4.4
          msrest_azure/0.4.3 computemanagementclient/0.30.0 Azure-SDK-For-Python]
      accept-language: [en-US]
      x-ms-client-request-id: [cc8661d0-a1e6-11e6-bccd-ecb1d756380e]
    method: DELETE
    uri: https:/management.azure.com/subscriptions/00000000-0000-0000-0000-000000000000/resourceGroups/test_mgmt_compute_test_containerdb8c0d41/providers/Microsoft.ContainerService/containerServices/pycontainerdb8c0d41?api-version=2016-09-30
  response:
    body: {string: ''}
    headers:
      Azure-AsyncOperation: ['https://management.azure.com/subscriptions/00000000-0000-0000-0000-000000000000/providers/Microsoft.ContainerService/locations/westus/operations/d908dc3f-fde8-4fec-92fc-d6809de7d573?api-version=2016-09-30']
      Cache-Control: [no-cache]
      Content-Length: ['0']
      Date: ['Thu, 03 Nov 2016 16:58:52 GMT']
      Expires: ['-1']
      Location: ['https://management.azure.com/subscriptions/00000000-0000-0000-0000-000000000000/providers/Microsoft.ContainerService/locations/westus/operations/d908dc3f-fde8-4fec-92fc-d6809de7d573?monitor=true&api-version=2016-09-30']
      Pragma: [no-cache]
      Server: [Microsoft-HTTPAPI/2.0, Microsoft-HTTPAPI/2.0]
      Strict-Transport-Security: [max-age=31536000; includeSubDomains]
      x-ms-correlation-request-id: [7a271e86-5498-43fe-96df-c5eec66265c4]
      x-ms-ratelimit-remaining-subscription-writes: ['1199']
      x-ms-request-id: [d908dc3f-fde8-4fec-92fc-d6809de7d573]
      x-ms-routing-request-id: ['WESTUS2:20161103T165853Z:7a271e86-5498-43fe-96df-c5eec66265c4']
      x-ms-served-by: [bea63665-dda7-4dd6-a2c0-70240a06f770_131178360173492968]
    status: {code: 202, message: Accepted}
- request:
    body: null
    headers:
      Accept: [application/json]
      Accept-Encoding: ['gzip, deflate']
      Connection: [keep-alive]
      Content-Type: [application/json; charset=utf-8]
      User-Agent: [python/3.5.1 (Windows-10-10.0.14393-SP0) requests/2.11.1 msrest/0.4.4
          msrest_azure/0.4.3 computemanagementclient/0.30.0 Azure-SDK-For-Python]
      accept-language: [en-US]
      x-ms-client-request-id: [cc8661d0-a1e6-11e6-bccd-ecb1d756380e]
    method: GET
    uri: https:/management.azure.com/subscriptions/00000000-0000-0000-0000-000000000000/providers/Microsoft.ContainerService/locations/westus/operations/d908dc3f-fde8-4fec-92fc-d6809de7d573?api-version=2016-09-30
  response:
    body: {string: "{\r\n  \"startTime\": \"2016-11-03T16:58:51.6824637+00:00\",\r\n
        \ \"endTime\": \"2016-11-03T16:58:51.8074456+00:00\",\r\n  \"status\": \"Succeeded\",\r\n
        \ \"name\": \"d908dc3f-fde8-4fec-92fc-d6809de7d573\"\r\n}"}
    headers:
      Cache-Control: [no-cache]
      Content-Type: [application/json; charset=utf-8]
      Date: ['Thu, 03 Nov 2016 16:59:22 GMT']
      Expires: ['-1']
      Pragma: [no-cache]
      Server: [Microsoft-HTTPAPI/2.0, Microsoft-HTTPAPI/2.0]
      Strict-Transport-Security: [max-age=31536000; includeSubDomains]
      Transfer-Encoding: [chunked]
      Vary: [Accept-Encoding]
      content-length: ['184']
      x-ms-correlation-request-id: [7d5c7333-6c12-495a-8e8f-1876a0ca7e89]
      x-ms-ratelimit-remaining-subscription-reads: ['14994']
      x-ms-request-id: [6e2b41b3-b182-4707-aac0-f4ccde4813df]
      x-ms-routing-request-id: ['CENTRALUS:20161103T165923Z:7d5c7333-6c12-495a-8e8f-1876a0ca7e89']
      x-ms-served-by: [bea63665-dda7-4dd6-a2c0-70240a06f770_131178360173492968]
    status: {code: 200, message: OK}
version: 1
