interactions:
- request:
    body: '{"location": "westus", "properties": {"publicIPAllocationMethod": "static",
      "idleTimeoutInMinutes": 4}}'
    headers:
      Accept: [application/json]
      Accept-Encoding: ['gzip, deflate']
      Connection: [keep-alive]
      Content-Length: ['103']
      Content-Type: [application/json; charset=utf-8]
      User-Agent: [python/3.5.1 (Windows-10-10.0.14393-SP0) requests/2.11.1 msrest/0.4.4
          msrest_azure/0.4.3 networkmanagementclient/0.30.0 Azure-SDK-For-Python]
      accept-language: [en-US]
      x-ms-client-request-id: [cc050186-9fc1-11e6-b161-ecb1d756380e]
    method: PUT
    uri: https:/management.azure.com/subscriptions/00000000-0000-0000-0000-000000000000/resourceGroups/test_mgmt_network_test_load_balancers239e0f35/providers/Microsoft.Network/publicIPAddresses/pyipname239e0f35?api-version=2016-09-01
  response:
    body: {string: "{\r\n  \"name\": \"pyipname239e0f35\",\r\n  \"id\": \"/subscriptions/00000000-0000-0000-0000-000000000000/resourceGroups/test_mgmt_network_test_load_balancers239e0f35/providers/Microsoft.Network/publicIPAddresses/pyipname239e0f35\",\r\n
        \ \"etag\": \"W/\\\"8148a907-960e-4e38-95c3-a8fca2284a59\\\"\",\r\n  \"type\":
        \"Microsoft.Network/publicIPAddresses\",\r\n  \"location\": \"westus\",\r\n
        \ \"properties\": {\r\n    \"provisioningState\": \"Updating\",\r\n    \"resourceGuid\":
        \"0dbf3e6a-ca15-490a-a29f-328eae39bf66\",\r\n    \"publicIPAddressVersion\":
        \"IPv4\",\r\n    \"publicIPAllocationMethod\": \"Static\",\r\n    \"idleTimeoutInMinutes\":
        4\r\n  }\r\n}"}
    headers:
      Azure-AsyncOperation: ['https://management.azure.com/subscriptions/00000000-0000-0000-0000-000000000000/providers/Microsoft.Network/locations/westus/operations/a23cf782-bbaa-4ab4-9304-b2f93308621f?api-version=2016-09-01']
      Cache-Control: [no-cache]
      Content-Length: ['591']
      Content-Type: [application/json; charset=utf-8]
      Date: ['Mon, 31 Oct 2016 23:28:58 GMT']
      Expires: ['-1']
      Pragma: [no-cache]
      Retry-After: ['0']
      Server: [Microsoft-HTTPAPI/2.0, Microsoft-HTTPAPI/2.0]
      Strict-Transport-Security: [max-age=31536000; includeSubDomains]
      x-ms-correlation-request-id: [ca1efce7-7fbb-41e2-978e-797573b2f150]
      x-ms-ratelimit-remaining-subscription-writes: ['1199']
      x-ms-request-id: [a23cf782-bbaa-4ab4-9304-b2f93308621f]
      x-ms-routing-request-id: ['CENTRALUS:20161031T232859Z:ca1efce7-7fbb-41e2-978e-797573b2f150']
    status: {code: 201, message: Created}
- request:
    body: null
    headers:
      Accept: [application/json]
      Accept-Encoding: ['gzip, deflate']
      Connection: [keep-alive]
      Content-Type: [application/json; charset=utf-8]
      User-Agent: [python/3.5.1 (Windows-10-10.0.14393-SP0) requests/2.11.1 msrest/0.4.4
          msrest_azure/0.4.3 networkmanagementclient/0.30.0 Azure-SDK-For-Python]
      accept-language: [en-US]
      x-ms-client-request-id: [cc050186-9fc1-11e6-b161-ecb1d756380e]
    method: GET
    uri: https:/management.azure.com/subscriptions/00000000-0000-0000-0000-000000000000/providers/Microsoft.Network/locations/westus/operations/a23cf782-bbaa-4ab4-9304-b2f93308621f?api-version=2016-09-01
  response:
    body: {string: "{\r\n  \"status\": \"Succeeded\"\r\n}"}
    headers:
      Cache-Control: [no-cache]
      Content-Type: [application/json; charset=utf-8]
      Date: ['Mon, 31 Oct 2016 23:29:08 GMT']
      Expires: ['-1']
      Pragma: [no-cache]
      Server: [Microsoft-HTTPAPI/2.0, Microsoft-HTTPAPI/2.0]
      Strict-Transport-Security: [max-age=31536000; includeSubDomains]
      Transfer-Encoding: [chunked]
      Vary: [Accept-Encoding]
      content-length: ['29']
      x-ms-correlation-request-id: [35254d81-f239-498d-8e30-8e3936fb4e80]
      x-ms-ratelimit-remaining-subscription-reads: ['14990']
      x-ms-request-id: [9e5c2465-6119-43c6-ae99-6eb1014791af]
      x-ms-routing-request-id: ['CENTRALUS:20161031T232909Z:35254d81-f239-498d-8e30-8e3936fb4e80']
    status: {code: 200, message: OK}
- request:
    body: null
    headers:
      Accept: [application/json]
      Accept-Encoding: ['gzip, deflate']
      Connection: [keep-alive]
      Content-Type: [application/json; charset=utf-8]
      User-Agent: [python/3.5.1 (Windows-10-10.0.14393-SP0) requests/2.11.1 msrest/0.4.4
          msrest_azure/0.4.3 networkmanagementclient/0.30.0 Azure-SDK-For-Python]
      accept-language: [en-US]
      x-ms-client-request-id: [cc050186-9fc1-11e6-b161-ecb1d756380e]
    method: GET
    uri: https:/management.azure.com/subscriptions/00000000-0000-0000-0000-000000000000/resourceGroups/test_mgmt_network_test_load_balancers239e0f35/providers/Microsoft.Network/publicIPAddresses/pyipname239e0f35?api-version=2016-09-01
  response:
    body: {string: "{\r\n  \"name\": \"pyipname239e0f35\",\r\n  \"id\": \"/subscriptions/00000000-0000-0000-0000-000000000000/resourceGroups/test_mgmt_network_test_load_balancers239e0f35/providers/Microsoft.Network/publicIPAddresses/pyipname239e0f35\",\r\n
        \ \"etag\": \"W/\\\"52c42e5b-d039-47a6-832f-060f0f321f8a\\\"\",\r\n  \"type\":
        \"Microsoft.Network/publicIPAddresses\",\r\n  \"location\": \"westus\",\r\n
        \ \"properties\": {\r\n    \"provisioningState\": \"Succeeded\",\r\n    \"resourceGuid\":
        \"0dbf3e6a-ca15-490a-a29f-328eae39bf66\",\r\n    \"ipAddress\": \"40.112.208.120\",\r\n
        \   \"publicIPAddressVersion\": \"IPv4\",\r\n    \"publicIPAllocationMethod\":
        \"Static\",\r\n    \"idleTimeoutInMinutes\": 4\r\n  }\r\n}"}
    headers:
      Cache-Control: [no-cache]
      Content-Type: [application/json; charset=utf-8]
      Date: ['Mon, 31 Oct 2016 23:29:09 GMT']
      ETag: [W/"52c42e5b-d039-47a6-832f-060f0f321f8a"]
      Expires: ['-1']
      Pragma: [no-cache]
      Server: [Microsoft-HTTPAPI/2.0, Microsoft-HTTPAPI/2.0]
      Strict-Transport-Security: [max-age=31536000; includeSubDomains]
      Transfer-Encoding: [chunked]
      Vary: [Accept-Encoding]
      content-length: ['628']
      x-ms-correlation-request-id: [33428c10-72d8-4fbb-b967-6b93b98f83bb]
      x-ms-ratelimit-remaining-subscription-reads: ['14843']
      x-ms-request-id: [7ea81e01-0e4d-4542-9fb7-5da0dfa8d1d7]
      x-ms-routing-request-id: ['CENTRALUS:20161031T232910Z:33428c10-72d8-4fbb-b967-6b93b98f83bb']
    status: {code: 200, message: OK}
- request:
    body: '{"location": "westus", "properties": {"loadBalancingRules": [{"name": "azure-sample-lb-rule",
      "properties": {"enableFloatingIP": false, "idleTimeoutInMinutes": 4, "frontendPort":
      80, "backendAddressPool": {"id": "/subscriptions/00000000-0000-0000-0000-000000000000/resourceGroups/test_mgmt_network_test_load_balancers239e0f35/providers/Microsoft.Network/loadBalancers/pylbname239e0f35/backendAddressPools/pyapname239e0f35"},
      "backendPort": 80, "protocol": "tcp", "probe": {"id": "/subscriptions/00000000-0000-0000-0000-000000000000/resourceGroups/test_mgmt_network_test_load_balancers239e0f35/providers/Microsoft.Network/loadBalancers/pylbname239e0f35/probes/pyprobename239e0f35"},
      "loadDistribution": "Default", "frontendIPConfiguration": {"id": "/subscriptions/00000000-0000-0000-0000-000000000000/resourceGroups/test_mgmt_network_test_load_balancers239e0f35/providers/Microsoft.Network/loadBalancers/pylbname239e0f35/frontendIPConfigurations/pyfipname239e0f35"}}}],
      "backendAddressPools": [{"name": "pyapname239e0f35"}], "inboundNatRules": [{"name":
      "azure-sample-netrule1", "properties": {"enableFloatingIP": false, "frontendIPConfiguration":
      {"id": "/subscriptions/00000000-0000-0000-0000-000000000000/resourceGroups/test_mgmt_network_test_load_balancers239e0f35/providers/Microsoft.Network/loadBalancers/pylbname239e0f35/frontendIPConfigurations/pyfipname239e0f35"},
      "frontendPort": 21, "backendPort": 22, "idleTimeoutInMinutes": 4, "protocol":
      "tcp"}}, {"name": "azure-sample-netrule2", "properties": {"enableFloatingIP":
      false, "frontendIPConfiguration": {"id": "/subscriptions/00000000-0000-0000-0000-000000000000/resourceGroups/test_mgmt_network_test_load_balancers239e0f35/providers/Microsoft.Network/loadBalancers/pylbname239e0f35/frontendIPConfigurations/pyfipname239e0f35"},
      "frontendPort": 23, "backendPort": 22, "idleTimeoutInMinutes": 4, "protocol":
      "tcp"}}], "frontendIPConfigurations": [{"name": "pyfipname239e0f35", "properties":
      {"privateIPAllocationMethod": "Dynamic", "publicIPAddress": {"id": "/subscriptions/00000000-0000-0000-0000-000000000000/resourceGroups/test_mgmt_network_test_load_balancers239e0f35/providers/Microsoft.Network/publicIPAddresses/pyipname239e0f35"}}}],
      "probes": [{"name": "pyprobename239e0f35", "properties": {"port": 80, "intervalInSeconds":
      15, "protocol": "Http", "requestPath": "healthprobe.aspx", "numberOfProbes":
      4}}]}}'
    headers:
      Accept: [application/json]
      Accept-Encoding: ['gzip, deflate']
      Connection: [keep-alive]
      Content-Length: ['2374']
      Content-Type: [application/json; charset=utf-8]
      User-Agent: [python/3.5.1 (Windows-10-10.0.14393-SP0) requests/2.11.1 msrest/0.4.4
          msrest_azure/0.4.3 networkmanagementclient/0.30.0 Azure-SDK-For-Python]
      accept-language: [en-US]
      x-ms-client-request-id: [d334c248-9fc1-11e6-8256-ecb1d756380e]
    method: PUT
    uri: https:/management.azure.com/subscriptions/00000000-0000-0000-0000-000000000000/resourceGroups/test_mgmt_network_test_load_balancers239e0f35/providers/Microsoft.Network/loadBalancers/pylbname239e0f35?api-version=2016-09-01
  response:
    body: {string: "{\r\n  \"name\": \"pylbname239e0f35\",\r\n  \"id\": \"/subscriptions/00000000-0000-0000-0000-000000000000/resourceGroups/test_mgmt_network_test_load_balancers239e0f35/providers/Microsoft.Network/loadBalancers/pylbname239e0f35\",\r\n
        \ \"etag\": \"W/\\\"9784eed8-79ea-4df9-a3fe-ca1e095ca80b\\\"\",\r\n  \"type\":
        \"Microsoft.Network/loadBalancers\",\r\n  \"location\": \"westus\",\r\n  \"properties\":
        {\r\n    \"provisioningState\": \"Succeeded\",\r\n    \"resourceGuid\": \"a574e18c-2ab8-4faf-8867-a8c8b9379e06\",\r\n
        \   \"frontendIPConfigurations\": [\r\n      {\r\n        \"name\": \"pyfipname239e0f35\",\r\n
        \       \"id\": \"/subscriptions/00000000-0000-0000-0000-000000000000/resourceGroups/test_mgmt_network_test_load_balancers239e0f35/providers/Microsoft.Network/loadBalancers/pylbname239e0f35/frontendIPConfigurations/pyfipname239e0f35\",\r\n
        \       \"etag\": \"W/\\\"9784eed8-79ea-4df9-a3fe-ca1e095ca80b\\\"\",\r\n
        \       \"properties\": {\r\n          \"provisioningState\": \"Succeeded\",\r\n
        \         \"privateIPAllocationMethod\": \"Dynamic\",\r\n          \"publicIPAddress\":
        {\r\n            \"id\": \"/subscriptions/00000000-0000-0000-0000-000000000000/resourceGroups/test_mgmt_network_test_load_balancers239e0f35/providers/Microsoft.Network/publicIPAddresses/pyipname239e0f35\"\r\n
        \         },\r\n          \"loadBalancingRules\": [\r\n            {\r\n              \"id\":
        \"/subscriptions/00000000-0000-0000-0000-000000000000/resourceGroups/test_mgmt_network_test_load_balancers239e0f35/providers/Microsoft.Network/loadBalancers/pylbname239e0f35/loadBalancingRules/azure-sample-lb-rule\"\r\n
        \           }\r\n          ],\r\n          \"inboundNatRules\": [\r\n            {\r\n
        \             \"id\": \"/subscriptions/00000000-0000-0000-0000-000000000000/resourceGroups/test_mgmt_network_test_load_balancers239e0f35/providers/Microsoft.Network/loadBalancers/pylbname239e0f35/inboundNatRules/azure-sample-netrule1\"\r\n
        \           },\r\n            {\r\n              \"id\": \"/subscriptions/00000000-0000-0000-0000-000000000000/resourceGroups/test_mgmt_network_test_load_balancers239e0f35/providers/Microsoft.Network/loadBalancers/pylbname239e0f35/inboundNatRules/azure-sample-netrule2\"\r\n
        \           }\r\n          ]\r\n        }\r\n      }\r\n    ],\r\n    \"backendAddressPools\":
        [\r\n      {\r\n        \"name\": \"pyapname239e0f35\",\r\n        \"id\":
        \"/subscriptions/00000000-0000-0000-0000-000000000000/resourceGroups/test_mgmt_network_test_load_balancers239e0f35/providers/Microsoft.Network/loadBalancers/pylbname239e0f35/backendAddressPools/pyapname239e0f35\",\r\n
        \       \"etag\": \"W/\\\"9784eed8-79ea-4df9-a3fe-ca1e095ca80b\\\"\",\r\n
        \       \"properties\": {\r\n          \"provisioningState\": \"Succeeded\",\r\n
        \         \"loadBalancingRules\": [\r\n            {\r\n              \"id\":
        \"/subscriptions/00000000-0000-0000-0000-000000000000/resourceGroups/test_mgmt_network_test_load_balancers239e0f35/providers/Microsoft.Network/loadBalancers/pylbname239e0f35/loadBalancingRules/azure-sample-lb-rule\"\r\n
        \           }\r\n          ]\r\n        }\r\n      }\r\n    ],\r\n    \"loadBalancingRules\":
        [\r\n      {\r\n        \"name\": \"azure-sample-lb-rule\",\r\n        \"id\":
        \"/subscriptions/00000000-0000-0000-0000-000000000000/resourceGroups/test_mgmt_network_test_load_balancers239e0f35/providers/Microsoft.Network/loadBalancers/pylbname239e0f35/loadBalancingRules/azure-sample-lb-rule\",\r\n
        \       \"etag\": \"W/\\\"9784eed8-79ea-4df9-a3fe-ca1e095ca80b\\\"\",\r\n
        \       \"properties\": {\r\n          \"provisioningState\": \"Succeeded\",\r\n
        \         \"frontendIPConfiguration\": {\r\n            \"id\": \"/subscriptions/00000000-0000-0000-0000-000000000000/resourceGroups/test_mgmt_network_test_load_balancers239e0f35/providers/Microsoft.Network/loadBalancers/pylbname239e0f35/frontendIPConfigurations/pyfipname239e0f35\"\r\n
        \         },\r\n          \"frontendPort\": 80,\r\n          \"backendPort\":
        80,\r\n          \"enableFloatingIP\": false,\r\n          \"idleTimeoutInMinutes\":
        4,\r\n          \"protocol\": \"Tcp\",\r\n          \"loadDistribution\":
        \"Default\",\r\n          \"backendAddressPool\": {\r\n            \"id\":
        \"/subscriptions/00000000-0000-0000-0000-000000000000/resourceGroups/test_mgmt_network_test_load_balancers239e0f35/providers/Microsoft.Network/loadBalancers/pylbname239e0f35/backendAddressPools/pyapname239e0f35\"\r\n
        \         },\r\n          \"probe\": {\r\n            \"id\": \"/subscriptions/00000000-0000-0000-0000-000000000000/resourceGroups/test_mgmt_network_test_load_balancers239e0f35/providers/Microsoft.Network/loadBalancers/pylbname239e0f35/probes/pyprobename239e0f35\"\r\n
        \         }\r\n        }\r\n      }\r\n    ],\r\n    \"probes\": [\r\n      {\r\n
        \       \"name\": \"pyprobename239e0f35\",\r\n        \"id\": \"/subscriptions/00000000-0000-0000-0000-000000000000/resourceGroups/test_mgmt_network_test_load_balancers239e0f35/providers/Microsoft.Network/loadBalancers/pylbname239e0f35/probes/pyprobename239e0f35\",\r\n
        \       \"etag\": \"W/\\\"9784eed8-79ea-4df9-a3fe-ca1e095ca80b\\\"\",\r\n
        \       \"properties\": {\r\n          \"provisioningState\": \"Succeeded\",\r\n
        \         \"protocol\": \"Http\",\r\n          \"port\": 80,\r\n          \"requestPath\":
        \"healthprobe.aspx\",\r\n          \"intervalInSeconds\": 15,\r\n          \"numberOfProbes\":
        4,\r\n          \"loadBalancingRules\": [\r\n            {\r\n              \"id\":
        \"/subscriptions/00000000-0000-0000-0000-000000000000/resourceGroups/test_mgmt_network_test_load_balancers239e0f35/providers/Microsoft.Network/loadBalancers/pylbname239e0f35/loadBalancingRules/azure-sample-lb-rule\"\r\n
        \           }\r\n          ]\r\n        }\r\n      }\r\n    ],\r\n    \"inboundNatRules\":
        [\r\n      {\r\n        \"name\": \"azure-sample-netrule1\",\r\n        \"id\":
        \"/subscriptions/00000000-0000-0000-0000-000000000000/resourceGroups/test_mgmt_network_test_load_balancers239e0f35/providers/Microsoft.Network/loadBalancers/pylbname239e0f35/inboundNatRules/azure-sample-netrule1\",\r\n
        \       \"etag\": \"W/\\\"9784eed8-79ea-4df9-a3fe-ca1e095ca80b\\\"\",\r\n
        \       \"properties\": {\r\n          \"provisioningState\": \"Succeeded\",\r\n
        \         \"frontendIPConfiguration\": {\r\n            \"id\": \"/subscriptions/00000000-0000-0000-0000-000000000000/resourceGroups/test_mgmt_network_test_load_balancers239e0f35/providers/Microsoft.Network/loadBalancers/pylbname239e0f35/frontendIPConfigurations/pyfipname239e0f35\"\r\n
        \         },\r\n          \"frontendPort\": 21,\r\n          \"backendPort\":
        22,\r\n          \"enableFloatingIP\": false,\r\n          \"idleTimeoutInMinutes\":
        4,\r\n          \"protocol\": \"Tcp\"\r\n        }\r\n      },\r\n      {\r\n
        \       \"name\": \"azure-sample-netrule2\",\r\n        \"id\": \"/subscriptions/00000000-0000-0000-0000-000000000000/resourceGroups/test_mgmt_network_test_load_balancers239e0f35/providers/Microsoft.Network/loadBalancers/pylbname239e0f35/inboundNatRules/azure-sample-netrule2\",\r\n
        \       \"etag\": \"W/\\\"9784eed8-79ea-4df9-a3fe-ca1e095ca80b\\\"\",\r\n
        \       \"properties\": {\r\n          \"provisioningState\": \"Succeeded\",\r\n
        \         \"frontendIPConfiguration\": {\r\n            \"id\": \"/subscriptions/00000000-0000-0000-0000-000000000000/resourceGroups/test_mgmt_network_test_load_balancers239e0f35/providers/Microsoft.Network/loadBalancers/pylbname239e0f35/frontendIPConfigurations/pyfipname239e0f35\"\r\n
        \         },\r\n          \"frontendPort\": 23,\r\n          \"backendPort\":
        22,\r\n          \"enableFloatingIP\": false,\r\n          \"idleTimeoutInMinutes\":
        4,\r\n          \"protocol\": \"Tcp\"\r\n        }\r\n      }\r\n    ],\r\n
        \   \"outboundNatRules\": [],\r\n    \"inboundNatPools\": []\r\n  }\r\n}"}
    headers:
      Azure-AsyncOperation: ['https://management.azure.com/subscriptions/00000000-0000-0000-0000-000000000000/providers/Microsoft.Network/locations/westus/operations/72df8f5e-614b-4bf0-843f-be5eb0ee89b4?api-version=2016-09-01']
      Cache-Control: [no-cache]
      Content-Length: ['7199']
      Content-Type: [application/json; charset=utf-8]
      Date: ['Mon, 31 Oct 2016 23:29:11 GMT']
      Expires: ['-1']
      Pragma: [no-cache]
      Server: [Microsoft-HTTPAPI/2.0, Microsoft-HTTPAPI/2.0]
      Strict-Transport-Security: [max-age=31536000; includeSubDomains]
      x-ms-correlation-request-id: [3106cfcc-397a-4270-954a-78d9bc15d29b]
      x-ms-ratelimit-remaining-subscription-writes: ['1199']
      x-ms-request-id: [72df8f5e-614b-4bf0-843f-be5eb0ee89b4]
      x-ms-routing-request-id: ['CENTRALUS:20161031T232911Z:3106cfcc-397a-4270-954a-78d9bc15d29b']
    status: {code: 201, message: Created}
- request:
    body: null
    headers:
      Accept: [application/json]
      Accept-Encoding: ['gzip, deflate']
      Connection: [keep-alive]
      Content-Type: [application/json; charset=utf-8]
      User-Agent: [python/3.5.1 (Windows-10-10.0.14393-SP0) requests/2.11.1 msrest/0.4.4
          msrest_azure/0.4.3 networkmanagementclient/0.30.0 Azure-SDK-For-Python]
      accept-language: [en-US]
      x-ms-client-request-id: [d3fbbbb6-9fc1-11e6-9230-ecb1d756380e]
    method: GET
    uri: https:/management.azure.com/subscriptions/00000000-0000-0000-0000-000000000000/resourceGroups/test_mgmt_network_test_load_balancers239e0f35/providers/Microsoft.Network/loadBalancers/pylbname239e0f35?api-version=2016-09-01
  response:
    body: {string: "{\r\n  \"name\": \"pylbname239e0f35\",\r\n  \"id\": \"/subscriptions/00000000-0000-0000-0000-000000000000/resourceGroups/test_mgmt_network_test_load_balancers239e0f35/providers/Microsoft.Network/loadBalancers/pylbname239e0f35\",\r\n
        \ \"etag\": \"W/\\\"9784eed8-79ea-4df9-a3fe-ca1e095ca80b\\\"\",\r\n  \"type\":
        \"Microsoft.Network/loadBalancers\",\r\n  \"location\": \"westus\",\r\n  \"properties\":
        {\r\n    \"provisioningState\": \"Succeeded\",\r\n    \"resourceGuid\": \"a574e18c-2ab8-4faf-8867-a8c8b9379e06\",\r\n
        \   \"frontendIPConfigurations\": [\r\n      {\r\n        \"name\": \"pyfipname239e0f35\",\r\n
        \       \"id\": \"/subscriptions/00000000-0000-0000-0000-000000000000/resourceGroups/test_mgmt_network_test_load_balancers239e0f35/providers/Microsoft.Network/loadBalancers/pylbname239e0f35/frontendIPConfigurations/pyfipname239e0f35\",\r\n
        \       \"etag\": \"W/\\\"9784eed8-79ea-4df9-a3fe-ca1e095ca80b\\\"\",\r\n
        \       \"properties\": {\r\n          \"provisioningState\": \"Succeeded\",\r\n
        \         \"privateIPAllocationMethod\": \"Dynamic\",\r\n          \"publicIPAddress\":
        {\r\n            \"id\": \"/subscriptions/00000000-0000-0000-0000-000000000000/resourceGroups/test_mgmt_network_test_load_balancers239e0f35/providers/Microsoft.Network/publicIPAddresses/pyipname239e0f35\"\r\n
        \         },\r\n          \"loadBalancingRules\": [\r\n            {\r\n              \"id\":
        \"/subscriptions/00000000-0000-0000-0000-000000000000/resourceGroups/test_mgmt_network_test_load_balancers239e0f35/providers/Microsoft.Network/loadBalancers/pylbname239e0f35/loadBalancingRules/azure-sample-lb-rule\"\r\n
        \           }\r\n          ],\r\n          \"inboundNatRules\": [\r\n            {\r\n
        \             \"id\": \"/subscriptions/00000000-0000-0000-0000-000000000000/resourceGroups/test_mgmt_network_test_load_balancers239e0f35/providers/Microsoft.Network/loadBalancers/pylbname239e0f35/inboundNatRules/azure-sample-netrule1\"\r\n
        \           },\r\n            {\r\n              \"id\": \"/subscriptions/00000000-0000-0000-0000-000000000000/resourceGroups/test_mgmt_network_test_load_balancers239e0f35/providers/Microsoft.Network/loadBalancers/pylbname239e0f35/inboundNatRules/azure-sample-netrule2\"\r\n
        \           }\r\n          ]\r\n        }\r\n      }\r\n    ],\r\n    \"backendAddressPools\":
        [\r\n      {\r\n        \"name\": \"pyapname239e0f35\",\r\n        \"id\":
        \"/subscriptions/00000000-0000-0000-0000-000000000000/resourceGroups/test_mgmt_network_test_load_balancers239e0f35/providers/Microsoft.Network/loadBalancers/pylbname239e0f35/backendAddressPools/pyapname239e0f35\",\r\n
        \       \"etag\": \"W/\\\"9784eed8-79ea-4df9-a3fe-ca1e095ca80b\\\"\",\r\n
        \       \"properties\": {\r\n          \"provisioningState\": \"Succeeded\",\r\n
        \         \"loadBalancingRules\": [\r\n            {\r\n              \"id\":
        \"/subscriptions/00000000-0000-0000-0000-000000000000/resourceGroups/test_mgmt_network_test_load_balancers239e0f35/providers/Microsoft.Network/loadBalancers/pylbname239e0f35/loadBalancingRules/azure-sample-lb-rule\"\r\n
        \           }\r\n          ]\r\n        }\r\n      }\r\n    ],\r\n    \"loadBalancingRules\":
        [\r\n      {\r\n        \"name\": \"azure-sample-lb-rule\",\r\n        \"id\":
        \"/subscriptions/00000000-0000-0000-0000-000000000000/resourceGroups/test_mgmt_network_test_load_balancers239e0f35/providers/Microsoft.Network/loadBalancers/pylbname239e0f35/loadBalancingRules/azure-sample-lb-rule\",\r\n
        \       \"etag\": \"W/\\\"9784eed8-79ea-4df9-a3fe-ca1e095ca80b\\\"\",\r\n
        \       \"properties\": {\r\n          \"provisioningState\": \"Succeeded\",\r\n
        \         \"frontendIPConfiguration\": {\r\n            \"id\": \"/subscriptions/00000000-0000-0000-0000-000000000000/resourceGroups/test_mgmt_network_test_load_balancers239e0f35/providers/Microsoft.Network/loadBalancers/pylbname239e0f35/frontendIPConfigurations/pyfipname239e0f35\"\r\n
        \         },\r\n          \"frontendPort\": 80,\r\n          \"backendPort\":
        80,\r\n          \"enableFloatingIP\": false,\r\n          \"idleTimeoutInMinutes\":
        4,\r\n          \"protocol\": \"Tcp\",\r\n          \"loadDistribution\":
        \"Default\",\r\n          \"backendAddressPool\": {\r\n            \"id\":
        \"/subscriptions/00000000-0000-0000-0000-000000000000/resourceGroups/test_mgmt_network_test_load_balancers239e0f35/providers/Microsoft.Network/loadBalancers/pylbname239e0f35/backendAddressPools/pyapname239e0f35\"\r\n
        \         },\r\n          \"probe\": {\r\n            \"id\": \"/subscriptions/00000000-0000-0000-0000-000000000000/resourceGroups/test_mgmt_network_test_load_balancers239e0f35/providers/Microsoft.Network/loadBalancers/pylbname239e0f35/probes/pyprobename239e0f35\"\r\n
        \         }\r\n        }\r\n      }\r\n    ],\r\n    \"probes\": [\r\n      {\r\n
        \       \"name\": \"pyprobename239e0f35\",\r\n        \"id\": \"/subscriptions/00000000-0000-0000-0000-000000000000/resourceGroups/test_mgmt_network_test_load_balancers239e0f35/providers/Microsoft.Network/loadBalancers/pylbname239e0f35/probes/pyprobename239e0f35\",\r\n
        \       \"etag\": \"W/\\\"9784eed8-79ea-4df9-a3fe-ca1e095ca80b\\\"\",\r\n
        \       \"properties\": {\r\n          \"provisioningState\": \"Succeeded\",\r\n
        \         \"protocol\": \"Http\",\r\n          \"port\": 80,\r\n          \"requestPath\":
        \"healthprobe.aspx\",\r\n          \"intervalInSeconds\": 15,\r\n          \"numberOfProbes\":
        4,\r\n          \"loadBalancingRules\": [\r\n            {\r\n              \"id\":
        \"/subscriptions/00000000-0000-0000-0000-000000000000/resourceGroups/test_mgmt_network_test_load_balancers239e0f35/providers/Microsoft.Network/loadBalancers/pylbname239e0f35/loadBalancingRules/azure-sample-lb-rule\"\r\n
        \           }\r\n          ]\r\n        }\r\n      }\r\n    ],\r\n    \"inboundNatRules\":
        [\r\n      {\r\n        \"name\": \"azure-sample-netrule1\",\r\n        \"id\":
        \"/subscriptions/00000000-0000-0000-0000-000000000000/resourceGroups/test_mgmt_network_test_load_balancers239e0f35/providers/Microsoft.Network/loadBalancers/pylbname239e0f35/inboundNatRules/azure-sample-netrule1\",\r\n
        \       \"etag\": \"W/\\\"9784eed8-79ea-4df9-a3fe-ca1e095ca80b\\\"\",\r\n
        \       \"properties\": {\r\n          \"provisioningState\": \"Succeeded\",\r\n
        \         \"frontendIPConfiguration\": {\r\n            \"id\": \"/subscriptions/00000000-0000-0000-0000-000000000000/resourceGroups/test_mgmt_network_test_load_balancers239e0f35/providers/Microsoft.Network/loadBalancers/pylbname239e0f35/frontendIPConfigurations/pyfipname239e0f35\"\r\n
        \         },\r\n          \"frontendPort\": 21,\r\n          \"backendPort\":
        22,\r\n          \"enableFloatingIP\": false,\r\n          \"idleTimeoutInMinutes\":
        4,\r\n          \"protocol\": \"Tcp\"\r\n        }\r\n      },\r\n      {\r\n
        \       \"name\": \"azure-sample-netrule2\",\r\n        \"id\": \"/subscriptions/00000000-0000-0000-0000-000000000000/resourceGroups/test_mgmt_network_test_load_balancers239e0f35/providers/Microsoft.Network/loadBalancers/pylbname239e0f35/inboundNatRules/azure-sample-netrule2\",\r\n
        \       \"etag\": \"W/\\\"9784eed8-79ea-4df9-a3fe-ca1e095ca80b\\\"\",\r\n
        \       \"properties\": {\r\n          \"provisioningState\": \"Succeeded\",\r\n
        \         \"frontendIPConfiguration\": {\r\n            \"id\": \"/subscriptions/00000000-0000-0000-0000-000000000000/resourceGroups/test_mgmt_network_test_load_balancers239e0f35/providers/Microsoft.Network/loadBalancers/pylbname239e0f35/frontendIPConfigurations/pyfipname239e0f35\"\r\n
        \         },\r\n          \"frontendPort\": 23,\r\n          \"backendPort\":
        22,\r\n          \"enableFloatingIP\": false,\r\n          \"idleTimeoutInMinutes\":
        4,\r\n          \"protocol\": \"Tcp\"\r\n        }\r\n      }\r\n    ],\r\n
        \   \"outboundNatRules\": [],\r\n    \"inboundNatPools\": []\r\n  }\r\n}"}
    headers:
      Cache-Control: [no-cache]
      Content-Type: [application/json; charset=utf-8]
      Date: ['Mon, 31 Oct 2016 23:29:11 GMT']
      ETag: [W/"9784eed8-79ea-4df9-a3fe-ca1e095ca80b"]
      Expires: ['-1']
      Pragma: [no-cache]
      Server: [Microsoft-HTTPAPI/2.0, Microsoft-HTTPAPI/2.0]
      Strict-Transport-Security: [max-age=31536000; includeSubDomains]
      Transfer-Encoding: [chunked]
      Vary: [Accept-Encoding]
      content-length: ['7199']
      x-ms-correlation-request-id: [22b4b18c-6165-43cc-9e8e-52348013cb96]
      x-ms-ratelimit-remaining-subscription-reads: ['14991']
      x-ms-request-id: [073735cf-96ae-4037-a1b3-392c55a87f65]
      x-ms-routing-request-id: ['CENTRALUS:20161031T232911Z:22b4b18c-6165-43cc-9e8e-52348013cb96']
    status: {code: 200, message: OK}
- request:
    body: null
    headers:
      Accept: [application/json]
      Accept-Encoding: ['gzip, deflate']
      Connection: [keep-alive]
      Content-Type: [application/json; charset=utf-8]
      User-Agent: [python/3.5.1 (Windows-10-10.0.14393-SP0) requests/2.11.1 msrest/0.4.4
          msrest_azure/0.4.3 networkmanagementclient/0.30.0 Azure-SDK-For-Python]
      accept-language: [en-US]
      x-ms-client-request-id: [d43fa274-9fc1-11e6-9fd4-ecb1d756380e]
    method: GET
    uri: https:/management.azure.com/subscriptions/00000000-0000-0000-0000-000000000000/providers/Microsoft.Network/loadBalancers?api-version=2016-09-01
  response:
    body: {string: "{\r\n  \"value\": [\r\n    {\r\n      \"name\": \"pylbname239e0f35\",\r\n
        \     \"id\": \"/subscriptions/00000000-0000-0000-0000-000000000000/resourceGroups/test_mgmt_network_test_load_balancers239e0f35/providers/Microsoft.Network/loadBalancers/pylbname239e0f35\",\r\n
        \     \"etag\": \"W/\\\"9784eed8-79ea-4df9-a3fe-ca1e095ca80b\\\"\",\r\n      \"type\":
        \"Microsoft.Network/loadBalancers\",\r\n      \"location\": \"westus\",\r\n
        \     \"properties\": {\r\n        \"provisioningState\": \"Succeeded\",\r\n
        \       \"resourceGuid\": \"a574e18c-2ab8-4faf-8867-a8c8b9379e06\",\r\n        \"frontendIPConfigurations\":
        [\r\n          {\r\n            \"name\": \"pyfipname239e0f35\",\r\n            \"id\":
        \"/subscriptions/00000000-0000-0000-0000-000000000000/resourceGroups/test_mgmt_network_test_load_balancers239e0f35/providers/Microsoft.Network/loadBalancers/pylbname239e0f35/frontendIPConfigurations/pyfipname239e0f35\",\r\n
        \           \"etag\": \"W/\\\"9784eed8-79ea-4df9-a3fe-ca1e095ca80b\\\"\",\r\n
        \           \"properties\": {\r\n              \"provisioningState\": \"Succeeded\",\r\n
        \             \"privateIPAllocationMethod\": \"Dynamic\",\r\n              \"publicIPAddress\":
        {\r\n                \"id\": \"/subscriptions/00000000-0000-0000-0000-000000000000/resourceGroups/test_mgmt_network_test_load_balancers239e0f35/providers/Microsoft.Network/publicIPAddresses/pyipname239e0f35\"\r\n
        \             },\r\n              \"loadBalancingRules\": [\r\n                {\r\n
        \                 \"id\": \"/subscriptions/00000000-0000-0000-0000-000000000000/resourceGroups/test_mgmt_network_test_load_balancers239e0f35/providers/Microsoft.Network/loadBalancers/pylbname239e0f35/loadBalancingRules/azure-sample-lb-rule\"\r\n
        \               }\r\n              ],\r\n              \"inboundNatRules\":
        [\r\n                {\r\n                  \"id\": \"/subscriptions/00000000-0000-0000-0000-000000000000/resourceGroups/test_mgmt_network_test_load_balancers239e0f35/providers/Microsoft.Network/loadBalancers/pylbname239e0f35/inboundNatRules/azure-sample-netrule1\"\r\n
        \               },\r\n                {\r\n                  \"id\": \"/subscriptions/00000000-0000-0000-0000-000000000000/resourceGroups/test_mgmt_network_test_load_balancers239e0f35/providers/Microsoft.Network/loadBalancers/pylbname239e0f35/inboundNatRules/azure-sample-netrule2\"\r\n
        \               }\r\n              ]\r\n            }\r\n          }\r\n        ],\r\n
        \       \"backendAddressPools\": [\r\n          {\r\n            \"name\":
        \"pyapname239e0f35\",\r\n            \"id\": \"/subscriptions/00000000-0000-0000-0000-000000000000/resourceGroups/test_mgmt_network_test_load_balancers239e0f35/providers/Microsoft.Network/loadBalancers/pylbname239e0f35/backendAddressPools/pyapname239e0f35\",\r\n
        \           \"etag\": \"W/\\\"9784eed8-79ea-4df9-a3fe-ca1e095ca80b\\\"\",\r\n
        \           \"properties\": {\r\n              \"provisioningState\": \"Succeeded\",\r\n
        \             \"loadBalancingRules\": [\r\n                {\r\n                  \"id\":
        \"/subscriptions/00000000-0000-0000-0000-000000000000/resourceGroups/test_mgmt_network_test_load_balancers239e0f35/providers/Microsoft.Network/loadBalancers/pylbname239e0f35/loadBalancingRules/azure-sample-lb-rule\"\r\n
        \               }\r\n              ]\r\n            }\r\n          }\r\n        ],\r\n
        \       \"loadBalancingRules\": [\r\n          {\r\n            \"name\":
        \"azure-sample-lb-rule\",\r\n            \"id\": \"/subscriptions/00000000-0000-0000-0000-000000000000/resourceGroups/test_mgmt_network_test_load_balancers239e0f35/providers/Microsoft.Network/loadBalancers/pylbname239e0f35/loadBalancingRules/azure-sample-lb-rule\",\r\n
        \           \"etag\": \"W/\\\"9784eed8-79ea-4df9-a3fe-ca1e095ca80b\\\"\",\r\n
        \           \"properties\": {\r\n              \"provisioningState\": \"Succeeded\",\r\n
        \             \"frontendIPConfiguration\": {\r\n                \"id\": \"/subscriptions/00000000-0000-0000-0000-000000000000/resourceGroups/test_mgmt_network_test_load_balancers239e0f35/providers/Microsoft.Network/loadBalancers/pylbname239e0f35/frontendIPConfigurations/pyfipname239e0f35\"\r\n
        \             },\r\n              \"frontendPort\": 80,\r\n              \"backendPort\":
        80,\r\n              \"enableFloatingIP\": false,\r\n              \"idleTimeoutInMinutes\":
        4,\r\n              \"protocol\": \"Tcp\",\r\n              \"loadDistribution\":
        \"Default\",\r\n              \"backendAddressPool\": {\r\n                \"id\":
        \"/subscriptions/00000000-0000-0000-0000-000000000000/resourceGroups/test_mgmt_network_test_load_balancers239e0f35/providers/Microsoft.Network/loadBalancers/pylbname239e0f35/backendAddressPools/pyapname239e0f35\"\r\n
        \             },\r\n              \"probe\": {\r\n                \"id\":
        \"/subscriptions/00000000-0000-0000-0000-000000000000/resourceGroups/test_mgmt_network_test_load_balancers239e0f35/providers/Microsoft.Network/loadBalancers/pylbname239e0f35/probes/pyprobename239e0f35\"\r\n
        \             }\r\n            }\r\n          }\r\n        ],\r\n        \"probes\":
        [\r\n          {\r\n            \"name\": \"pyprobename239e0f35\",\r\n            \"id\":
        \"/subscriptions/00000000-0000-0000-0000-000000000000/resourceGroups/test_mgmt_network_test_load_balancers239e0f35/providers/Microsoft.Network/loadBalancers/pylbname239e0f35/probes/pyprobename239e0f35\",\r\n
        \           \"etag\": \"W/\\\"9784eed8-79ea-4df9-a3fe-ca1e095ca80b\\\"\",\r\n
        \           \"properties\": {\r\n              \"provisioningState\": \"Succeeded\",\r\n
        \             \"protocol\": \"Http\",\r\n              \"port\": 80,\r\n              \"requestPath\":
        \"healthprobe.aspx\",\r\n              \"intervalInSeconds\": 15,\r\n              \"numberOfProbes\":
        4,\r\n              \"loadBalancingRules\": [\r\n                {\r\n                  \"id\":
        \"/subscriptions/00000000-0000-0000-0000-000000000000/resourceGroups/test_mgmt_network_test_load_balancers239e0f35/providers/Microsoft.Network/loadBalancers/pylbname239e0f35/loadBalancingRules/azure-sample-lb-rule\"\r\n
        \               }\r\n              ]\r\n            }\r\n          }\r\n        ],\r\n
        \       \"inboundNatRules\": [\r\n          {\r\n            \"name\": \"azure-sample-netrule1\",\r\n
        \           \"id\": \"/subscriptions/00000000-0000-0000-0000-000000000000/resourceGroups/test_mgmt_network_test_load_balancers239e0f35/providers/Microsoft.Network/loadBalancers/pylbname239e0f35/inboundNatRules/azure-sample-netrule1\",\r\n
        \           \"etag\": \"W/\\\"9784eed8-79ea-4df9-a3fe-ca1e095ca80b\\\"\",\r\n
        \           \"properties\": {\r\n              \"provisioningState\": \"Succeeded\",\r\n
        \             \"frontendIPConfiguration\": {\r\n                \"id\": \"/subscriptions/00000000-0000-0000-0000-000000000000/resourceGroups/test_mgmt_network_test_load_balancers239e0f35/providers/Microsoft.Network/loadBalancers/pylbname239e0f35/frontendIPConfigurations/pyfipname239e0f35\"\r\n
        \             },\r\n              \"frontendPort\": 21,\r\n              \"backendPort\":
        22,\r\n              \"enableFloatingIP\": false,\r\n              \"idleTimeoutInMinutes\":
        4,\r\n              \"protocol\": \"Tcp\"\r\n            }\r\n          },\r\n
        \         {\r\n            \"name\": \"azure-sample-netrule2\",\r\n            \"id\":
        \"/subscriptions/00000000-0000-0000-0000-000000000000/resourceGroups/test_mgmt_network_test_load_balancers239e0f35/providers/Microsoft.Network/loadBalancers/pylbname239e0f35/inboundNatRules/azure-sample-netrule2\",\r\n
        \           \"etag\": \"W/\\\"9784eed8-79ea-4df9-a3fe-ca1e095ca80b\\\"\",\r\n
        \           \"properties\": {\r\n              \"provisioningState\": \"Succeeded\",\r\n
        \             \"frontendIPConfiguration\": {\r\n                \"id\": \"/subscriptions/00000000-0000-0000-0000-000000000000/resourceGroups/test_mgmt_network_test_load_balancers239e0f35/providers/Microsoft.Network/loadBalancers/pylbname239e0f35/frontendIPConfigurations/pyfipname239e0f35\"\r\n
        \             },\r\n              \"frontendPort\": 23,\r\n              \"backendPort\":
        22,\r\n              \"enableFloatingIP\": false,\r\n              \"idleTimeoutInMinutes\":
        4,\r\n              \"protocol\": \"Tcp\"\r\n            }\r\n          }\r\n
        \       ],\r\n        \"outboundNatRules\": [],\r\n        \"inboundNatPools\":
        []\r\n      }\r\n    }\r\n  ]\r\n}"}
    headers:
      Cache-Control: [no-cache]
      Content-Type: [application/json; charset=utf-8]
      Date: ['Mon, 31 Oct 2016 23:29:11 GMT']
      Expires: ['-1']
      Pragma: [no-cache]
      Server: [Microsoft-HTTPAPI/2.0, Microsoft-HTTPAPI/2.0]
      Strict-Transport-Security: [max-age=31536000; includeSubDomains]
      Transfer-Encoding: [chunked]
      Vary: [Accept-Encoding]
      content-length: ['7760']
      x-ms-correlation-request-id: [029ef427-0b72-4187-8a6a-7ee8c483ab2b]
      x-ms-ratelimit-remaining-subscription-reads: ['14994']
      x-ms-request-id: [5045ef2b-a6e4-4bdf-8657-0b91683ae283]
      x-ms-routing-request-id: ['CENTRALUS:20161031T232912Z:029ef427-0b72-4187-8a6a-7ee8c483ab2b']
    status: {code: 200, message: OK}
- request:
    body: null
    headers:
      Accept: [application/json]
      Accept-Encoding: ['gzip, deflate']
      Connection: [keep-alive]
      Content-Type: [application/json; charset=utf-8]
      User-Agent: [python/3.5.1 (Windows-10-10.0.14393-SP0) requests/2.11.1 msrest/0.4.4
          msrest_azure/0.4.3 networkmanagementclient/0.30.0 Azure-SDK-For-Python]
      accept-language: [en-US]
      x-ms-client-request-id: [d481b494-9fc1-11e6-a449-ecb1d756380e]
    method: GET
    uri: https:/management.azure.com/subscriptions/00000000-0000-0000-0000-000000000000/resourceGroups/test_mgmt_network_test_load_balancers239e0f35/providers/Microsoft.Network/loadBalancers?api-version=2016-09-01
  response:
    body: {string: "{\r\n  \"value\": [\r\n    {\r\n      \"name\": \"pylbname239e0f35\",\r\n
        \     \"id\": \"/subscriptions/00000000-0000-0000-0000-000000000000/resourceGroups/test_mgmt_network_test_load_balancers239e0f35/providers/Microsoft.Network/loadBalancers/pylbname239e0f35\",\r\n
        \     \"etag\": \"W/\\\"9784eed8-79ea-4df9-a3fe-ca1e095ca80b\\\"\",\r\n      \"type\":
        \"Microsoft.Network/loadBalancers\",\r\n      \"location\": \"westus\",\r\n
        \     \"properties\": {\r\n        \"provisioningState\": \"Succeeded\",\r\n
        \       \"resourceGuid\": \"a574e18c-2ab8-4faf-8867-a8c8b9379e06\",\r\n        \"frontendIPConfigurations\":
        [\r\n          {\r\n            \"name\": \"pyfipname239e0f35\",\r\n            \"id\":
        \"/subscriptions/00000000-0000-0000-0000-000000000000/resourceGroups/test_mgmt_network_test_load_balancers239e0f35/providers/Microsoft.Network/loadBalancers/pylbname239e0f35/frontendIPConfigurations/pyfipname239e0f35\",\r\n
        \           \"etag\": \"W/\\\"9784eed8-79ea-4df9-a3fe-ca1e095ca80b\\\"\",\r\n
        \           \"properties\": {\r\n              \"provisioningState\": \"Succeeded\",\r\n
        \             \"privateIPAllocationMethod\": \"Dynamic\",\r\n              \"publicIPAddress\":
        {\r\n                \"id\": \"/subscriptions/00000000-0000-0000-0000-000000000000/resourceGroups/test_mgmt_network_test_load_balancers239e0f35/providers/Microsoft.Network/publicIPAddresses/pyipname239e0f35\"\r\n
        \             },\r\n              \"loadBalancingRules\": [\r\n                {\r\n
        \                 \"id\": \"/subscriptions/00000000-0000-0000-0000-000000000000/resourceGroups/test_mgmt_network_test_load_balancers239e0f35/providers/Microsoft.Network/loadBalancers/pylbname239e0f35/loadBalancingRules/azure-sample-lb-rule\"\r\n
        \               }\r\n              ],\r\n              \"inboundNatRules\":
        [\r\n                {\r\n                  \"id\": \"/subscriptions/00000000-0000-0000-0000-000000000000/resourceGroups/test_mgmt_network_test_load_balancers239e0f35/providers/Microsoft.Network/loadBalancers/pylbname239e0f35/inboundNatRules/azure-sample-netrule1\"\r\n
        \               },\r\n                {\r\n                  \"id\": \"/subscriptions/00000000-0000-0000-0000-000000000000/resourceGroups/test_mgmt_network_test_load_balancers239e0f35/providers/Microsoft.Network/loadBalancers/pylbname239e0f35/inboundNatRules/azure-sample-netrule2\"\r\n
        \               }\r\n              ]\r\n            }\r\n          }\r\n        ],\r\n
        \       \"backendAddressPools\": [\r\n          {\r\n            \"name\":
        \"pyapname239e0f35\",\r\n            \"id\": \"/subscriptions/00000000-0000-0000-0000-000000000000/resourceGroups/test_mgmt_network_test_load_balancers239e0f35/providers/Microsoft.Network/loadBalancers/pylbname239e0f35/backendAddressPools/pyapname239e0f35\",\r\n
        \           \"etag\": \"W/\\\"9784eed8-79ea-4df9-a3fe-ca1e095ca80b\\\"\",\r\n
        \           \"properties\": {\r\n              \"provisioningState\": \"Succeeded\",\r\n
        \             \"loadBalancingRules\": [\r\n                {\r\n                  \"id\":
        \"/subscriptions/00000000-0000-0000-0000-000000000000/resourceGroups/test_mgmt_network_test_load_balancers239e0f35/providers/Microsoft.Network/loadBalancers/pylbname239e0f35/loadBalancingRules/azure-sample-lb-rule\"\r\n
        \               }\r\n              ]\r\n            }\r\n          }\r\n        ],\r\n
        \       \"loadBalancingRules\": [\r\n          {\r\n            \"name\":
        \"azure-sample-lb-rule\",\r\n            \"id\": \"/subscriptions/00000000-0000-0000-0000-000000000000/resourceGroups/test_mgmt_network_test_load_balancers239e0f35/providers/Microsoft.Network/loadBalancers/pylbname239e0f35/loadBalancingRules/azure-sample-lb-rule\",\r\n
        \           \"etag\": \"W/\\\"9784eed8-79ea-4df9-a3fe-ca1e095ca80b\\\"\",\r\n
        \           \"properties\": {\r\n              \"provisioningState\": \"Succeeded\",\r\n
        \             \"frontendIPConfiguration\": {\r\n                \"id\": \"/subscriptions/00000000-0000-0000-0000-000000000000/resourceGroups/test_mgmt_network_test_load_balancers239e0f35/providers/Microsoft.Network/loadBalancers/pylbname239e0f35/frontendIPConfigurations/pyfipname239e0f35\"\r\n
        \             },\r\n              \"frontendPort\": 80,\r\n              \"backendPort\":
        80,\r\n              \"enableFloatingIP\": false,\r\n              \"idleTimeoutInMinutes\":
        4,\r\n              \"protocol\": \"Tcp\",\r\n              \"loadDistribution\":
        \"Default\",\r\n              \"backendAddressPool\": {\r\n                \"id\":
        \"/subscriptions/00000000-0000-0000-0000-000000000000/resourceGroups/test_mgmt_network_test_load_balancers239e0f35/providers/Microsoft.Network/loadBalancers/pylbname239e0f35/backendAddressPools/pyapname239e0f35\"\r\n
        \             },\r\n              \"probe\": {\r\n                \"id\":
        \"/subscriptions/00000000-0000-0000-0000-000000000000/resourceGroups/test_mgmt_network_test_load_balancers239e0f35/providers/Microsoft.Network/loadBalancers/pylbname239e0f35/probes/pyprobename239e0f35\"\r\n
        \             }\r\n            }\r\n          }\r\n        ],\r\n        \"probes\":
        [\r\n          {\r\n            \"name\": \"pyprobename239e0f35\",\r\n            \"id\":
        \"/subscriptions/00000000-0000-0000-0000-000000000000/resourceGroups/test_mgmt_network_test_load_balancers239e0f35/providers/Microsoft.Network/loadBalancers/pylbname239e0f35/probes/pyprobename239e0f35\",\r\n
        \           \"etag\": \"W/\\\"9784eed8-79ea-4df9-a3fe-ca1e095ca80b\\\"\",\r\n
        \           \"properties\": {\r\n              \"provisioningState\": \"Succeeded\",\r\n
        \             \"protocol\": \"Http\",\r\n              \"port\": 80,\r\n              \"requestPath\":
        \"healthprobe.aspx\",\r\n              \"intervalInSeconds\": 15,\r\n              \"numberOfProbes\":
        4,\r\n              \"loadBalancingRules\": [\r\n                {\r\n                  \"id\":
        \"/subscriptions/00000000-0000-0000-0000-000000000000/resourceGroups/test_mgmt_network_test_load_balancers239e0f35/providers/Microsoft.Network/loadBalancers/pylbname239e0f35/loadBalancingRules/azure-sample-lb-rule\"\r\n
        \               }\r\n              ]\r\n            }\r\n          }\r\n        ],\r\n
        \       \"inboundNatRules\": [\r\n          {\r\n            \"name\": \"azure-sample-netrule1\",\r\n
        \           \"id\": \"/subscriptions/00000000-0000-0000-0000-000000000000/resourceGroups/test_mgmt_network_test_load_balancers239e0f35/providers/Microsoft.Network/loadBalancers/pylbname239e0f35/inboundNatRules/azure-sample-netrule1\",\r\n
        \           \"etag\": \"W/\\\"9784eed8-79ea-4df9-a3fe-ca1e095ca80b\\\"\",\r\n
        \           \"properties\": {\r\n              \"provisioningState\": \"Succeeded\",\r\n
        \             \"frontendIPConfiguration\": {\r\n                \"id\": \"/subscriptions/00000000-0000-0000-0000-000000000000/resourceGroups/test_mgmt_network_test_load_balancers239e0f35/providers/Microsoft.Network/loadBalancers/pylbname239e0f35/frontendIPConfigurations/pyfipname239e0f35\"\r\n
        \             },\r\n              \"frontendPort\": 21,\r\n              \"backendPort\":
        22,\r\n              \"enableFloatingIP\": false,\r\n              \"idleTimeoutInMinutes\":
        4,\r\n              \"protocol\": \"Tcp\"\r\n            }\r\n          },\r\n
        \         {\r\n            \"name\": \"azure-sample-netrule2\",\r\n            \"id\":
        \"/subscriptions/00000000-0000-0000-0000-000000000000/resourceGroups/test_mgmt_network_test_load_balancers239e0f35/providers/Microsoft.Network/loadBalancers/pylbname239e0f35/inboundNatRules/azure-sample-netrule2\",\r\n
        \           \"etag\": \"W/\\\"9784eed8-79ea-4df9-a3fe-ca1e095ca80b\\\"\",\r\n
        \           \"properties\": {\r\n              \"provisioningState\": \"Succeeded\",\r\n
        \             \"frontendIPConfiguration\": {\r\n                \"id\": \"/subscriptions/00000000-0000-0000-0000-000000000000/resourceGroups/test_mgmt_network_test_load_balancers239e0f35/providers/Microsoft.Network/loadBalancers/pylbname239e0f35/frontendIPConfigurations/pyfipname239e0f35\"\r\n
        \             },\r\n              \"frontendPort\": 23,\r\n              \"backendPort\":
        22,\r\n              \"enableFloatingIP\": false,\r\n              \"idleTimeoutInMinutes\":
        4,\r\n              \"protocol\": \"Tcp\"\r\n            }\r\n          }\r\n
        \       ],\r\n        \"outboundNatRules\": [],\r\n        \"inboundNatPools\":
        []\r\n      }\r\n    }\r\n  ]\r\n}"}
    headers:
      Cache-Control: [no-cache]
      Content-Type: [application/json; charset=utf-8]
      Date: ['Mon, 31 Oct 2016 23:29:12 GMT']
      Expires: ['-1']
      Pragma: [no-cache]
      Server: [Microsoft-HTTPAPI/2.0, Microsoft-HTTPAPI/2.0]
      Strict-Transport-Security: [max-age=31536000; includeSubDomains]
      Transfer-Encoding: [chunked]
      Vary: [Accept-Encoding]
      content-length: ['7760']
      x-ms-correlation-request-id: [e75596c0-94d5-4aa4-9840-145235a305b2]
      x-ms-ratelimit-remaining-subscription-reads: ['14993']
      x-ms-request-id: [3ba7c44d-4ce7-4b23-a12d-aa051b80bb5e]
      x-ms-routing-request-id: ['CENTRALUS:20161031T232912Z:e75596c0-94d5-4aa4-9840-145235a305b2']
    status: {code: 200, message: OK}
- request:
    body: null
    headers:
      Accept: [application/json]
      Accept-Encoding: ['gzip, deflate']
      Connection: [keep-alive]
      Content-Length: ['0']
      Content-Type: [application/json; charset=utf-8]
      User-Agent: [python/3.5.1 (Windows-10-10.0.14393-SP0) requests/2.11.1 msrest/0.4.4
          msrest_azure/0.4.3 networkmanagementclient/0.30.0 Azure-SDK-For-Python]
      accept-language: [en-US]
      x-ms-client-request-id: [d4c721f6-9fc1-11e6-8885-ecb1d756380e]
    method: DELETE
    uri: https:/management.azure.com/subscriptions/00000000-0000-0000-0000-000000000000/resourceGroups/test_mgmt_network_test_load_balancers239e0f35/providers/Microsoft.Network/loadBalancers/pylbname239e0f35?api-version=2016-09-01
  response:
    body: {string: ''}
    headers:
      Azure-AsyncOperation: ['https://management.azure.com/subscriptions/00000000-0000-0000-0000-000000000000/providers/Microsoft.Network/locations/westus/operations/f702ee97-4609-4121-a0ab-7efef03dced1?api-version=2016-09-01']
      Cache-Control: [no-cache]
      Content-Length: ['0']
      Date: ['Mon, 31 Oct 2016 23:29:12 GMT']
      Expires: ['-1']
      Location: ['https://management.azure.com/subscriptions/00000000-0000-0000-0000-000000000000/providers/Microsoft.Network/locations/westus/operationResults/f702ee97-4609-4121-a0ab-7efef03dced1?api-version=2016-09-01']
      Pragma: [no-cache]
      Retry-After: ['0']
      Server: [Microsoft-HTTPAPI/2.0, Microsoft-HTTPAPI/2.0]
      Strict-Transport-Security: [max-age=31536000; includeSubDomains]
      x-ms-correlation-request-id: [1838e169-e741-43ff-8478-cdc58ddfa81e]
      x-ms-ratelimit-remaining-subscription-writes: ['1199']
      x-ms-request-id: [f702ee97-4609-4121-a0ab-7efef03dced1]
      x-ms-routing-request-id: ['CENTRALUS:20161031T232913Z:1838e169-e741-43ff-8478-cdc58ddfa81e']
    status: {code: 202, message: Accepted}
- request:
    body: null
    headers:
      Accept: [application/json]
      Accept-Encoding: ['gzip, deflate']
      Connection: [keep-alive]
      Content-Type: [application/json; charset=utf-8]
      User-Agent: [python/3.5.1 (Windows-10-10.0.14393-SP0) requests/2.11.1 msrest/0.4.4
          msrest_azure/0.4.3 networkmanagementclient/0.30.0 Azure-SDK-For-Python]
      accept-language: [en-US]
      x-ms-client-request-id: [d4c721f6-9fc1-11e6-8885-ecb1d756380e]
    method: GET
    uri: https:/management.azure.com/subscriptions/00000000-0000-0000-0000-000000000000/providers/Microsoft.Network/locations/westus/operations/f702ee97-4609-4121-a0ab-7efef03dced1?api-version=2016-09-01
  response:
    body: {string: "{\r\n  \"status\": \"Succeeded\"\r\n}"}
    headers:
      Cache-Control: [no-cache]
      Content-Type: [application/json; charset=utf-8]
      Date: ['Mon, 31 Oct 2016 23:29:23 GMT']
      Expires: ['-1']
      Pragma: [no-cache]
      Server: [Microsoft-HTTPAPI/2.0, Microsoft-HTTPAPI/2.0]
      Strict-Transport-Security: [max-age=31536000; includeSubDomains]
      Transfer-Encoding: [chunked]
      Vary: [Accept-Encoding]
      content-length: ['29']
      x-ms-correlation-request-id: [265a2d93-453b-4a9e-8aef-b10e321a159a]
      x-ms-ratelimit-remaining-subscription-reads: ['14998']
      x-ms-request-id: [79bed645-553d-4282-af35-a1de739b7b9d]
      x-ms-routing-request-id: ['WESTUS2:20161031T232923Z:265a2d93-453b-4a9e-8aef-b10e321a159a']
    status: {code: 200, message: OK}
version: 1
